Archive member included to satisfy reference by file (symbol)

C:/ST/STM32CubeIDE_1.18.1/STM32CubeIDE/plugins/com.st.stm32cube.ide.mcu.externaltools.gnu-tools-for-stm32.13.3.rel1.win32_1.0.0.202411081344/tools/bin/../lib/gcc/arm-none-eabi/13.3.1/../../../../arm-none-eabi/lib/thumb/v7e-m+fp/hard\libc_nano.a(libc_a-exit.o)
                              C:/ST/STM32CubeIDE_1.18.1/STM32CubeIDE/plugins/com.st.stm32cube.ide.mcu.externaltools.gnu-tools-for-stm32.13.3.rel1.win32_1.0.0.202411081344/tools/bin/../lib/gcc/arm-none-eabi/13.3.1/../../../../arm-none-eabi/lib/thumb/v7e-m+fp/hard/crt0.o (exit)
C:/ST/STM32CubeIDE_1.18.1/STM32CubeIDE/plugins/com.st.stm32cube.ide.mcu.externaltools.gnu-tools-for-stm32.13.3.rel1.win32_1.0.0.202411081344/tools/bin/../lib/gcc/arm-none-eabi/13.3.1/../../../../arm-none-eabi/lib/thumb/v7e-m+fp/hard\libc_nano.a(libc_a-findfp.o)
                              C:/ST/STM32CubeIDE_1.18.1/STM32CubeIDE/plugins/com.st.stm32cube.ide.mcu.externaltools.gnu-tools-for-stm32.13.3.rel1.win32_1.0.0.202411081344/tools/bin/../lib/gcc/arm-none-eabi/13.3.1/../../../../arm-none-eabi/lib/thumb/v7e-m+fp/hard\libc_nano.a(libc_a-exit.o) (__stdio_exit_handler)
C:/ST/STM32CubeIDE_1.18.1/STM32CubeIDE/plugins/com.st.stm32cube.ide.mcu.externaltools.gnu-tools-for-stm32.13.3.rel1.win32_1.0.0.202411081344/tools/bin/../lib/gcc/arm-none-eabi/13.3.1/../../../../arm-none-eabi/lib/thumb/v7e-m+fp/hard\libc_nano.a(libc_a-fwalk.o)
                              C:/ST/STM32CubeIDE_1.18.1/STM32CubeIDE/plugins/com.st.stm32cube.ide.mcu.externaltools.gnu-tools-for-stm32.13.3.rel1.win32_1.0.0.202411081344/tools/bin/../lib/gcc/arm-none-eabi/13.3.1/../../../../arm-none-eabi/lib/thumb/v7e-m+fp/hard\libc_nano.a(libc_a-findfp.o) (_fwalk_sglue)
C:/ST/STM32CubeIDE_1.18.1/STM32CubeIDE/plugins/com.st.stm32cube.ide.mcu.externaltools.gnu-tools-for-stm32.13.3.rel1.win32_1.0.0.202411081344/tools/bin/../lib/gcc/arm-none-eabi/13.3.1/../../../../arm-none-eabi/lib/thumb/v7e-m+fp/hard\libc_nano.a(libc_a-puts.o)
                              ./Core/Src/AD9910.o (puts)
C:/ST/STM32CubeIDE_1.18.1/STM32CubeIDE/plugins/com.st.stm32cube.ide.mcu.externaltools.gnu-tools-for-stm32.13.3.rel1.win32_1.0.0.202411081344/tools/bin/../lib/gcc/arm-none-eabi/13.3.1/../../../../arm-none-eabi/lib/thumb/v7e-m+fp/hard\libc_nano.a(libc_a-sprintf.o)
                              ./Core/Src/main.o (sprintf)
C:/ST/STM32CubeIDE_1.18.1/STM32CubeIDE/plugins/com.st.stm32cube.ide.mcu.externaltools.gnu-tools-for-stm32.13.3.rel1.win32_1.0.0.202411081344/tools/bin/../lib/gcc/arm-none-eabi/13.3.1/../../../../arm-none-eabi/lib/thumb/v7e-m+fp/hard\libc_nano.a(libc_a-stdio.o)
                              C:/ST/STM32CubeIDE_1.18.1/STM32CubeIDE/plugins/com.st.stm32cube.ide.mcu.externaltools.gnu-tools-for-stm32.13.3.rel1.win32_1.0.0.202411081344/tools/bin/../lib/gcc/arm-none-eabi/13.3.1/../../../../arm-none-eabi/lib/thumb/v7e-m+fp/hard\libc_nano.a(libc_a-findfp.o) (__sread)
C:/ST/STM32CubeIDE_1.18.1/STM32CubeIDE/plugins/com.st.stm32cube.ide.mcu.externaltools.gnu-tools-for-stm32.13.3.rel1.win32_1.0.0.202411081344/tools/bin/../lib/gcc/arm-none-eabi/13.3.1/../../../../arm-none-eabi/lib/thumb/v7e-m+fp/hard\libc_nano.a(libc_a-wbuf.o)
                              C:/ST/STM32CubeIDE_1.18.1/STM32CubeIDE/plugins/com.st.stm32cube.ide.mcu.externaltools.gnu-tools-for-stm32.13.3.rel1.win32_1.0.0.202411081344/tools/bin/../lib/gcc/arm-none-eabi/13.3.1/../../../../arm-none-eabi/lib/thumb/v7e-m+fp/hard\libc_nano.a(libc_a-puts.o) (__swbuf_r)
C:/ST/STM32CubeIDE_1.18.1/STM32CubeIDE/plugins/com.st.stm32cube.ide.mcu.externaltools.gnu-tools-for-stm32.13.3.rel1.win32_1.0.0.202411081344/tools/bin/../lib/gcc/arm-none-eabi/13.3.1/../../../../arm-none-eabi/lib/thumb/v7e-m+fp/hard\libc_nano.a(libc_a-wsetup.o)
                              C:/ST/STM32CubeIDE_1.18.1/STM32CubeIDE/plugins/com.st.stm32cube.ide.mcu.externaltools.gnu-tools-for-stm32.13.3.rel1.win32_1.0.0.202411081344/tools/bin/../lib/gcc/arm-none-eabi/13.3.1/../../../../arm-none-eabi/lib/thumb/v7e-m+fp/hard\libc_nano.a(libc_a-puts.o) (__swsetup_r)
C:/ST/STM32CubeIDE_1.18.1/STM32CubeIDE/plugins/com.st.stm32cube.ide.mcu.externaltools.gnu-tools-for-stm32.13.3.rel1.win32_1.0.0.202411081344/tools/bin/../lib/gcc/arm-none-eabi/13.3.1/../../../../arm-none-eabi/lib/thumb/v7e-m+fp/hard\libc_nano.a(libc_a-memset.o)
                              C:/ST/STM32CubeIDE_1.18.1/STM32CubeIDE/plugins/com.st.stm32cube.ide.mcu.externaltools.gnu-tools-for-stm32.13.3.rel1.win32_1.0.0.202411081344/tools/bin/../lib/gcc/arm-none-eabi/13.3.1/../../../../arm-none-eabi/lib/thumb/v7e-m+fp/hard/crt0.o (memset)
C:/ST/STM32CubeIDE_1.18.1/STM32CubeIDE/plugins/com.st.stm32cube.ide.mcu.externaltools.gnu-tools-for-stm32.13.3.rel1.win32_1.0.0.202411081344/tools/bin/../lib/gcc/arm-none-eabi/13.3.1/../../../../arm-none-eabi/lib/thumb/v7e-m+fp/hard\libc_nano.a(libc_a-closer.o)
[...]
Memory Configuration

Name             Origin             Length             Attributes
CCMRAM           0x10000000         0x00010000         xrw
RAM              0x20000000         0x00020000         xrw
FLASH            0x08000000         0x00080000         xr
*default*        0x00000000         0xffffffff

Linker script and memory map

LOAD C:/ST/STM32CubeIDE_1.18.1/STM32CubeIDE/plugins/com.st.stm32cube.ide.mcu.externaltools.gnu-tools-for-stm32.13.3.rel1.win32_1.0.0.202411081344/tools/bin/../lib/gcc/arm-none-eabi/13.3.1/thumb/v7e-m+fp/hard/crti.o
LOAD C:/ST/STM32CubeIDE_1.18.1/STM32CubeIDE/plugins/com.st.stm32cube.ide.mcu.externaltools.gnu-tools-for-stm32.13.3.rel1.win32_1.0.0.202411081344/tools/bin/../lib/gcc/arm-none-eabi/13.3.1/thumb/v7e-m+fp/hard/crtbegin.o
LOAD C:/ST/STM32CubeIDE_1.18.1/STM32CubeIDE/plugins/com.st.stm32cube.ide.mcu.externaltools.gnu-tools-for-stm32.13.3.rel1.win32_1.0.0.202411081344/tools/bin/../lib/gcc/arm-none-eabi/13.3.1/../../../../arm-none-eabi/lib/thumb/v7e-m+fp/hard/crt0.o
LOAD ./Core/Src/AD9910.o
LOAD ./Core/Src/ads8688.o
LOAD ./Core/Src/base.o
LOAD ./Core/Src/gpio.o
LOAD ./Core/Src/main.o
LOAD ./Core/Src/spi.o
LOAD ./Core/Src/stm32f4xx_hal_msp.o
LOAD ./Core/Src/stm32f4xx_it.o
LOAD ./Core/Src/syscalls.o
LOAD ./Core/Src/sysmem.o
LOAD ./Core/Src/system_stm32f4xx.o
LOAD ./Core/Src/tjc_usart_hmi.o
LOAD ./Core/Src/usart.o
LOAD ./Core/Startup/startup_stm32f407vetx.o
LOAD ./Drivers/STM32F4xx_HAL_Driver/Src/stm32f4xx_hal.o
LOAD ./Drivers/STM32F4xx_HAL_Driver/Src/stm32f4xx_hal_cortex.o
LOAD ./Drivers/STM32F4xx_HAL_Driver/Src/stm32f4xx_hal_dma.o
LOAD ./Drivers/STM32F4xx_HAL_Driver/Src/stm32f4xx_hal_dma_ex.o
LOAD ./Drivers/STM32F4xx_HAL_Driver/Src/stm32f4xx_hal_exti.o
LOAD ./Drivers/STM32F4xx_HAL_Driver/Src/stm32f4xx_hal_flash.o
LOAD ./Drivers/STM32F4xx_HAL_Driver/Src/stm32f4xx_hal_flash_ex.o
LOAD ./Drivers/STM32F4xx_HAL_Driver/Src/stm32f4xx_hal_flash_ramfunc.o
LOAD ./Drivers/STM32F4xx_HAL_Driver/Src/stm32f4xx_hal_gpio.o
LOAD ./Drivers/STM32F4xx_HAL_Driver/Src/stm32f4xx_hal_pwr.o
LOAD ./Drivers/STM32F4xx_HAL_Driver/Src/stm32f4xx_hal_pwr_ex.o
LOAD ./Drivers/STM32F4xx_HAL_Driver/Src/stm32f4xx_hal_rcc.o
LOAD ./Drivers/STM32F4xx_HAL_Driver/Src/stm32f4xx_hal_rcc_ex.o
LOAD ./Drivers/STM32F4xx_HAL_Driver/Src/stm32f4xx_hal_spi.o
LOAD ./Drivers/STM32F4xx_HAL_Driver/Src/stm32f4xx_hal_uart.o
START GROUP
LOAD C:/ST/STM32CubeIDE_1.18.1/STM32CubeIDE/plugins/com.st.stm32cube.ide.mcu.externaltools.gnu-tools-for-stm32.13.3.rel1.win32_1.0.0.202411081344/tools/bin/../lib/gcc/arm-none-eabi/13.3.1/../../../../arm-none-eabi/lib/thumb/v7e-m+fp/hard\libc_nano.a
LOAD C:/ST/STM32CubeIDE_1.18.1/STM32CubeIDE/plugins/com.st.stm32cube.ide.mcu.externaltools.gnu-tools-for-stm32.13.3.rel1.win32_1.0.0.202411081344/tools/bin/../lib/gcc/arm-none-eabi/13.3.1/../../../../arm-none-eabi/lib/thumb/v7e-m+fp/hard\libm.a
END GROUP
START GROUP
LOAD C:/ST/STM32CubeIDE_1.18.1/STM32CubeIDE/plugins/com.st.stm32cube.ide.mcu.externaltools.gnu-tools-for-stm32.13.3.rel1.win32_1.0.0.202411081344/tools/bin/../lib/gcc/arm-none-eabi/13.3.1/thumb/v7e-m+fp/hard\libgcc.a
LOAD C:/ST/STM32CubeIDE_1.18.1/STM32CubeIDE/plugins/com.st.stm32cube.ide.mcu.externaltools.gnu-tools-for-stm32.13.3.rel1.win32_1.0.0.202411081344/tools/bin/../lib/gcc/arm-none-eabi/13.3.1/../../../../arm-none-eabi/lib/thumb/v7e-m+fp/hard\libc_nano.a
END GROUP
START GROUP
LOAD C:/ST/STM32CubeIDE_1.18.1/STM32CubeIDE/plugins/com.st.stm32cube.ide.mcu.externaltools.gnu-tools-for-stm32.13.3.rel1.win32_1.0.0.202411081344/tools/bin/../lib/gcc/arm-none-eabi/13.3.1/thumb/v7e-m+fp/hard\libgcc.a
LOAD C:/ST/STM32CubeIDE_1.18.1/STM32CubeIDE/plugins/com.st.stm32cube.ide.mcu.externaltools.gnu-tools-for-stm32.13.3.rel1.win32_1.0.0.202411081344/tools/bin/../lib/gcc/arm-none-eabi/13.3.1/../../../../arm-none-eabi/lib/thumb/v7e-m+fp/hard\libc_nano.a
LOAD C:/ST/STM32CubeIDE_1.18.1/STM32CubeIDE/plugins/com.st.stm32cube.ide.mcu.externaltools.gnu-tools-for-stm32.13.3.rel1.win32_1.0.0.202411081344/tools/bin/../lib/gcc/arm-none-eabi/13.3.1/../../../../arm-none-eabi/lib/thumb/v7e-m+fp/hard\libnosys.a
END GROUP
START GROUP
LOAD C:/ST/STM32CubeIDE_1.18.1/STM32CubeIDE/plugins/com.st.stm32cube.ide.mcu.externaltools.gnu-tools-for-stm32.13.3.rel1.win32_1.0.0.202411081344/tools/bin/../lib/gcc/arm-none-eabi/13.3.1/thumb/v7e-m+fp/hard\libgcc.a
LOAD C:/ST/STM32CubeIDE_1.18.1/STM32CubeIDE/plugins/com.st.stm32cube.ide.mcu.externaltools.gnu-tools-for-stm32.13.3.rel1.win32_1.0.0.202411081344/tools/bin/../lib/gcc/arm-none-eabi/13.3.1/../../../../arm-none-eabi/lib/thumb/v7e-m+fp/hard\libc_nano.a
LOAD C:/ST/STM32CubeIDE_1.18.1/STM32CubeIDE/plugins/com.st.stm32cube.ide.mcu.externaltools.gnu-tools-for-stm32.13.3.rel1.win32_1.0.0.202411081344/tools/bin/../lib/gcc/arm-none-eabi/13.3.1/../../../../arm-none-eabi/lib/thumb/v7e-m+fp/hard\libnosys.a
END GROUP
LOAD C:/ST/STM32CubeIDE_1.18.1/STM32CubeIDE/plugins/com.st.stm32cube.ide.mcu.externaltools.gnu-tools-for-stm32.13.3.rel1.win32_1.0.0.202411081344/tools/bin/../lib/gcc/arm-none-eabi/13.3.1/thumb/v7e-m+fp/hard/crtend.o
LOAD C:/ST/STM32CubeIDE_1.18.1/STM32CubeIDE/plugins/com.st.stm32cube.ide.mcu.externaltools.gnu-tools-for-stm32.13.3.rel1.win32_1.0.0.202411081344/tools/bin/../lib/gcc/arm-none-eabi/13.3.1/thumb/v7e-m+fp/hard/crtn.o
                0x20020000                        _estack = (ORIGIN (RAM) + LENGTH (RAM))
                0x00000200                        _Min_Heap_Size = 0x200
                0x00000400                        _Min_Stack_Size = 0x400

.isr_vector     0x08000000      0x188
                0x08000000                        . = ALIGN (0x4)
 *(.isr_vector)
 .isr_vector    0x08000000      0x188 ./Core/Startup/startup_stm32f407vetx.o
                0x08000000                g_pfnVectors
                0x08000188                        . = ALIGN (0x4)

.text           0x08000190     0x602c
                0x08000190                        . = ALIGN (0x4)
 *(.text)
 .text          0x08000190       0x40 C:/ST/STM32CubeIDE_1.18.1/STM32CubeIDE/plugins/com.st.stm32cube.ide.mcu.externaltools.gnu-tools-for-stm32.13.3.rel1.win32_1.0.0.202411081344/tools/bin/../lib/gcc/arm-none-eabi/13.3.1/thumb/v7e-m+fp/hard/crtbegin.o
 .text          0x080001d0       0xa0 C:/ST/STM32CubeIDE_1.18.1/STM32CubeIDE/plugins/com.st.stm32cube.ide.mcu.externaltools.gnu-tools-for-stm32.13.3.rel1.win32_1.0.0.202411081344/tools/bin/../lib/gcc/arm-none-eabi/13.3.1/../../../../arm-none-eabi/lib/thumb/v7e-m+fp/hard\libc_nano.a(libc_a-memchr.o)
                0x080001d0                memchr
 .text          0x08000270      0x378 C:/ST/STM32CubeIDE_1.18.1/STM32CubeIDE/plugins/com.st.stm32cube.ide.mcu.externaltools.gnu-tools-for-stm32.13.3.rel1.win32_1.0.0.202411081344/tools/bin/../lib/gcc/arm-none-eabi/13.3.1/thumb/v7e-m+fp/hard\libgcc.a(_arm_addsubdf3.o)
                0x08000270                __aeabi_drsub
                0x08000278                __aeabi_dsub
                0x08000278                __subdf3
                0x0800027c                __aeabi_dadd
                0x0800027c                __adddf3
                0x080004f4                __floatunsidf
                0x080004f4                __aeabi_ui2d
                0x08000514                __floatsidf
                0x08000514                __aeabi_i2d
                0x08000538                __aeabi_f2d
                0x08000538                __extendsfdf2
                0x0800057c                __floatundidf
                0x0800057c                __aeabi_ul2d
                0x0800058c                __floatdidf
                0x0800058c                __aeabi_l2d
 .text          0x080005e8      0x424 C:/ST/STM32CubeIDE_1.18.1/STM32CubeIDE/plugins/com.st.stm32cube.ide.mcu.externaltools.gnu-tools-for-stm32.13.3.rel1.win32_1.0.0.202411081344/tools/bin/../lib/gcc/arm-none-eabi/13.3.1/thumb/v7e-m+fp/hard\libgcc.a(_arm_muldivdf3.o)
                0x080005e8                __aeabi_dmul
                0x080005e8                __muldf3
                0x0800083c                __divdf3
                0x0800083c                __aeabi_ddiv
 .text          0x08000a0c      0x110 C:/ST/STM32CubeIDE_1.18.1/STM32CubeIDE/plugins/com.st.stm32cube.ide.mcu.externaltools.gnu-tools-for-stm32.13.3.rel1.win32_1.0.0.202411081344/tools/bin/../lib/gcc/arm-none-eabi/13.3.1/thumb/v7e-m+fp/hard\libgcc.a(_arm_cmpdf2.o)
                0x08000a0c                __gtdf2
                0x08000a0c                __gedf2
                0x08000a14                __ltdf2
                0x08000a14                __ledf2
                0x08000a1c                __nedf2
                0x08000a1c                __eqdf2
                0x08000a1c                __cmpdf2
                0x08000a98                __aeabi_cdrcmple
                0x08000aa8                __aeabi_cdcmpeq
                0x08000aa8                __aeabi_cdcmple
                0x08000ab8                __aeabi_dcmpeq
                0x08000acc                __aeabi_dcmplt
                0x08000ae0                __aeabi_dcmple
                0x08000af4                __aeabi_dcmpge
                0x08000b08                __aeabi_dcmpgt
 .text          0x08000b1c       0x50 C:/ST/STM32CubeIDE_1.18.1/STM32CubeIDE/plugins/com.st.stm32cube.ide.mcu.externaltools.gnu-tools-for-stm32.13.3.rel1.win32_1.0.0.202411081344/tools/bin/../lib/gcc/arm-none-eabi/13.3.1/thumb/v7e-m+fp/hard\libgcc.a(_arm_fixdfsi.o)
                0x08000b1c                __aeabi_d2iz
                0x08000b1c                __fixdfsi
 .text          0x08000b6c       0x40 C:/ST/STM32CubeIDE_1.18.1/STM32CubeIDE/plugins/com.st.stm32cube.ide.mcu.externaltools.gnu-tools-for-stm32.13.3.rel1.win32_1.0.0.202411081344/tools/bin/../lib/gcc/arm-none-eabi/13.3.1/thumb/v7e-m+fp/hard\libgcc.a(_arm_fixunsdfsi.o)
                0x08000b6c                __aeabi_d2uiz
                0x08000b6c                __fixunsdfsi
 .text          0x08000bac       0xa0 C:/ST/STM32CubeIDE_1.18.1/STM32CubeIDE/plugins/com.st.stm32cube.ide.mcu.externaltools.gnu-tools-for-stm32.13.3.rel1.win32_1.0.0.202411081344/tools/bin/../lib/gcc/arm-none-eabi/13.3.1/thumb/v7e-m+fp/hard\libgcc.a(_arm_truncdfsf2.o)
                0x08000bac                __truncdfsf2
                0x08000bac                __aeabi_d2f
 .text          0x08000c4c       0x30 C:/ST/STM32CubeIDE_1.18.1/STM32CubeIDE/plugins/com.st.stm32cube.ide.mcu.externaltools.gnu-tools-for-stm32.13.3.rel1.win32_1.0.0.202411081344/tools/bin/../lib/gcc/arm-none-eabi/13.3.1/thumb/v7e-m+fp/hard\libgcc.a(_aeabi_uldivmod.o)
                0x08000c4c                __aeabi_uldivmod
 .text          0x08000c7c      0x2f8 C:/ST/STM32CubeIDE_1.18.1/STM32CubeIDE/plugins/com.st.stm32cube.ide.mcu.externaltools.gnu-tools-for-stm32.13.3.rel1.win32_1.0.0.202411081344/tools/bin/../lib/gcc/arm-none-eabi/13.3.1/thumb/v7e-m+fp/hard\libgcc.a(_udivmoddi4.o)
                0x08000c7c                __udivmoddi4
 .text          0x08000f74        0x4 C:/ST/STM32CubeIDE_1.18.1/STM32CubeIDE/plugins/com.st.stm32cube.ide.mcu.externaltools.gnu-tools-for-stm32.13.3.rel1.win32_1.0.0.202411081344/tools/bin/../lib/gcc/arm-none-eabi/13.3.1/thumb/v7e-m+fp/hard\libgcc.a(_dvmd_tls.o)
                0x08000f74                __aeabi_idiv0
                0x08000f74                __aeabi_ldiv0
 *(.text*)
 .text.Init_ad9910
                0x08000f78       0x6c ./Core/Src/AD9910.o
                0x08000f78                Init_ad9910
 .text.txd_8bit
                0x08000fe4       0x78 ./Core/Src/AD9910.o
                0x08000fe4                txd_8bit
 .text.Txcfr    0x0800105c      0x144 ./Core/Src/AD9910.o
                0x0800105c                Txcfr
 .text.Txprofile
                0x080011a0       0x94 ./Core/Src/AD9910.o
                0x080011a0                Txprofile
 *fill*         0x08001234        0x4 
 .text.Freq_convert
                0x08001238       0x78 ./Core/Src/AD9910.o
                0x08001238                Freq_convert
 .text.Write_Amplitude
                0x080012b0       0x64 ./Core/Src/AD9910.o
                0x080012b0                Write_Amplitude
 .text.ADS8688_Init
                0x08001314       0x9c ./Core/Src/ads8688.o
                0x08001314                ADS8688_Init
 .text.ADS8688_Write_Command
                0x080013b0       0x58 ./Core/Src/ads8688.o
                0x080013b0                ADS8688_Write_Command
 .text.ADS8688_Write_Program
                0x08001408       0x64 ./Core/Src/ads8688.o
                0x08001408                ADS8688_Write_Program
 .text.Get_AUTO_RST_Mode_ADC_Data
                0x0800146c       0x80 ./Core/Src/ads8688.o
                0x0800146c                Get_AUTO_RST_Mode_ADC_Data
 .text.delay_us
                0x080014ec       0x80 ./Core/Src/base.o
                0x080014ec                delay_us
 .text.delay_ms
                0x0800156c       0x30 ./Core/Src/base.o
                0x0800156c                delay_ms
 .text.MX_GPIO_Init
                0x0800159c      0x1f0 ./Core/Src/gpio.o
                0x0800159c                MX_GPIO_Init
 *fill*         0x0800178c        0x4 
 .text.adcin    0x08001790      0x118 ./Core/Src/main.o
                0x08001790                adcin
 .text.findvpp  0x080018a8      0x1e8 ./Core/Src/main.o
                0x080018a8                findvpp
 .text.Rout     0x08001a90       0xac ./Core/Src/main.o
                0x08001a90                Rout
 .text.Rin      0x08001b3c       0x7c ./Core/Src/main.o
                0x08001b3c                Rin
 .text.FAu      0x08001bb8      0x3b8 ./Core/Src/main.o
                0x08001bb8                FAu
 .text.linearInterpolation
                0x08001f70       0xc4 ./Core/Src/main.o
                0x08001f70                linearInterpolation
 .text.main     0x08002034      0x1a4 ./Core/Src/main.o
                0x08002034                main
 .text.SystemClock_Config
                0x080021d8       0xd4 ./Core/Src/main.o
                0x080021d8                SystemClock_Config
 .text.Error_Handler
                0x080022ac        0xc ./Core/Src/main.o
                0x080022ac                Error_Handler
 .text.MX_SPI1_Init
                0x080022b8       0x6c ./Core/Src/spi.o
                0x080022b8                MX_SPI1_Init
 .text.MX_SPI2_Init
                0x08002324       0x6c ./Core/Src/spi.o
                0x08002324                MX_SPI2_Init
 .text.HAL_SPI_MspInit
                0x08002390      0x13c ./Core/Src/spi.o
                0x08002390                HAL_SPI_MspInit
 .text.HAL_MspInit
                0x080024cc       0x50 ./Core/Src/stm32f4xx_hal_msp.o
                0x080024cc                HAL_MspInit
 .text.NMI_Handler
                0x0800251c        0x8 ./Core/Src/stm32f4xx_it.o
                0x0800251c                NMI_Handler
 .text.HardFault_Handler
                0x08002524        0x8 ./Core/Src/stm32f4xx_it.o
                0x08002524                HardFault_Handler
 .text.MemManage_Handler
                0x0800252c        0x8 ./Core/Src/stm32f4xx_it.o
                0x0800252c                MemManage_Handler
 .text.BusFault_Handler
                0x08002534        0x8 ./Core/Src/stm32f4xx_it.o
                0x08002534                BusFault_Handler
 .text.UsageFault_Handler
                0x0800253c        0x8 ./Core/Src/stm32f4xx_it.o
                0x0800253c                UsageFault_Handler
 .text.SVC_Handler
                0x08002544        0xe ./Core/Src/stm32f4xx_it.o
                0x08002544                SVC_Handler
 .text.DebugMon_Handler
                0x08002552        0xe ./Core/Src/stm32f4xx_it.o
                0x08002552                DebugMon_Handler
 .text.PendSV_Handler
                0x08002560        0xe ./Core/Src/stm32f4xx_it.o
                0x08002560                PendSV_Handler
 .text.SysTick_Handler
                0x0800256e        0xc ./Core/Src/stm32f4xx_it.o
                0x0800256e                SysTick_Handler
 *fill*         0x0800257a        0x2 
 .text.USART1_IRQHandler
                0x0800257c       0x14 ./Core/Src/stm32f4xx_it.o
                0x0800257c                USART1_IRQHandler
 .text._read    0x08002590       0x3a ./Core/Src/syscalls.o
                0x08002590                _read
 .text._write   0x080025ca       0x38 ./Core/Src/syscalls.o
                0x080025ca                _write
 .text._close   0x08002602       0x18 ./Core/Src/syscalls.o
                0x08002602                _close
 .text._fstat   0x0800261a       0x20 ./Core/Src/syscalls.o
                0x0800261a                _fstat
 .text._isatty  0x0800263a       0x16 ./Core/Src/syscalls.o
                0x0800263a                _isatty
 .text._lseek   0x08002650       0x1a ./Core/Src/syscalls.o
                0x08002650                _lseek
 *fill*         0x0800266a        0x2 
 .text._sbrk    0x0800266c       0x6c ./Core/Src/sysmem.o
                0x0800266c                _sbrk
 .text.SystemInit
                0x080026d8       0x24 ./Core/Src/system_stm32f4xx.o
                0x080026d8                SystemInit
 .text.uart_send_char
                0x080026fc       0x38 ./Core/Src/tjc_usart_hmi.o
                0x080026fc                uart_send_char
 .text.tjc_send_string
                0x08002734       0x40 ./Core/Src/tjc_usart_hmi.o
                0x08002734                tjc_send_string
 .text.MX_USART1_UART_Init
                0x08002774       0x54 ./Core/Src/usart.o
                0x08002774                MX_USART1_UART_Init
 .text.HAL_UART_MspInit
                0x080027c8       0xa0 ./Core/Src/usart.o
                0x080027c8                HAL_UART_MspInit
 .text.Reset_Handler
                0x08002868       0x50 ./Core/Startup/startup_stm32f407vetx.o
                0x08002868                Reset_Handler
 .text.Default_Handler
                0x080028b8        0x2 ./Core/Startup/startup_stm32f407vetx.o
                0x080028b8                RTC_Alarm_IRQHandler
                0x080028b8                HASH_RNG_IRQHandler
                0x080028b8                EXTI2_IRQHandler
                0x080028b8                TIM8_CC_IRQHandler
                0x080028b8                TIM1_CC_IRQHandler
                0x080028b8                DMA2_Stream5_IRQHandler
                0x080028b8                DMA1_Stream5_IRQHandler
                0x080028b8                PVD_IRQHandler
                0x080028b8                SDIO_IRQHandler
                0x080028b8                TAMP_STAMP_IRQHandler
                0x080028b8                CAN2_RX1_IRQHandler
                0x080028b8                EXTI3_IRQHandler
                0x080028b8                TIM8_TRG_COM_TIM14_IRQHandler
                0x080028b8                TIM1_UP_TIM10_IRQHandler
                0x080028b8                TIM8_UP_TIM13_IRQHandler
                0x080028b8                I2C3_ER_IRQHandler
                0x080028b8                EXTI0_IRQHandler
                0x080028b8                I2C2_EV_IRQHandler
                0x080028b8                DMA1_Stream2_IRQHandler
                0x080028b8                CAN1_RX0_IRQHandler
                0x080028b8                FPU_IRQHandler
                0x080028b8                OTG_HS_WKUP_IRQHandler
                0x080028b8                CAN2_SCE_IRQHandler
                0x080028b8                DMA2_Stream2_IRQHandler
                0x080028b8                SPI1_IRQHandler
                0x080028b8                TIM6_DAC_IRQHandler
                0x080028b8                TIM1_BRK_TIM9_IRQHandler
                0x080028b8                DCMI_IRQHandler
                0x080028b8                CAN2_RX0_IRQHandler
                0x080028b8                DMA2_Stream3_IRQHandler
                0x080028b8                USART6_IRQHandler
                0x080028b8                USART3_IRQHandler
                0x080028b8                CAN1_RX1_IRQHandler
                0x080028b8                UART5_IRQHandler
                0x080028b8                DMA2_Stream0_IRQHandler
                0x080028b8                TIM4_IRQHandler
                0x080028b8                I2C1_EV_IRQHandler
                0x080028b8                DMA1_Stream6_IRQHandler
                0x080028b8                DMA1_Stream1_IRQHandler
                0x080028b8                UART4_IRQHandler
                0x080028b8                TIM3_IRQHandler
                0x080028b8                RCC_IRQHandler
                0x080028b8                TIM8_BRK_TIM12_IRQHandler
                0x080028b8                Default_Handler
                0x080028b8                EXTI15_10_IRQHandler
                0x080028b8                ADC_IRQHandler
                0x080028b8                DMA1_Stream7_IRQHandler
                0x080028b8                TIM7_IRQHandler
                0x080028b8                CAN2_TX_IRQHandler
                0x080028b8                TIM5_IRQHandler
                0x080028b8                DMA2_Stream7_IRQHandler
                0x080028b8                I2C3_EV_IRQHandler
                0x080028b8                EXTI9_5_IRQHandler
                0x080028b8                RTC_WKUP_IRQHandler
                0x080028b8                ETH_WKUP_IRQHandler
                0x080028b8                SPI2_IRQHandler
                0x080028b8                OTG_HS_EP1_IN_IRQHandler
                0x080028b8                DMA1_Stream0_IRQHandler
                0x080028b8                CAN1_TX_IRQHandler
                0x080028b8                EXTI4_IRQHandler
                0x080028b8                FSMC_IRQHandler
                0x080028b8                ETH_IRQHandler
                0x080028b8                OTG_HS_EP1_OUT_IRQHandler
                0x080028b8                WWDG_IRQHandler
                0x080028b8                TIM2_IRQHandler
                0x080028b8                OTG_FS_WKUP_IRQHandler
                0x080028b8                TIM1_TRG_COM_TIM11_IRQHandler
                0x080028b8                OTG_HS_IRQHandler
                0x080028b8                EXTI1_IRQHandler
                0x080028b8                USART2_IRQHandler
                0x080028b8                I2C2_ER_IRQHandler
                0x080028b8                DMA2_Stream1_IRQHandler
                0x080028b8                CAN1_SCE_IRQHandler
                0x080028b8                FLASH_IRQHandler
                0x080028b8                DMA2_Stream4_IRQHandler
                0x080028b8                OTG_FS_IRQHandler
                0x080028b8                SPI3_IRQHandler
                0x080028b8                DMA1_Stream4_IRQHandler
                0x080028b8                I2C1_ER_IRQHandler
                0x080028b8                DMA2_Stream6_IRQHandler
                0x080028b8                DMA1_Stream3_IRQHandler
 *fill*         0x080028ba        0x2 
 .text.HAL_Init
                0x080028bc       0x44 ./Drivers/STM32F4xx_HAL_Driver/Src/stm32f4xx_hal.o
                0x080028bc                HAL_Init
 .text.HAL_InitTick
                0x08002900       0x60 ./Drivers/STM32F4xx_HAL_Driver/Src/stm32f4xx_hal.o
                0x08002900                HAL_InitTick
 .text.HAL_IncTick
                0x08002960       0x28 ./Drivers/STM32F4xx_HAL_Driver/Src/stm32f4xx_hal.o
                0x08002960                HAL_IncTick
 .text.HAL_GetTick
                0x08002988       0x18 ./Drivers/STM32F4xx_HAL_Driver/Src/stm32f4xx_hal.o
                0x08002988                HAL_GetTick
 .text.HAL_Delay
                0x080029a0       0x48 ./Drivers/STM32F4xx_HAL_Driver/Src/stm32f4xx_hal.o
                0x080029a0                HAL_Delay
 .text.__NVIC_SetPriorityGrouping
                0x080029e8       0x48 ./Drivers/STM32F4xx_HAL_Driver/Src/stm32f4xx_hal_cortex.o
 .text.__NVIC_GetPriorityGrouping
                0x08002a30       0x1c ./Drivers/STM32F4xx_HAL_Driver/Src/stm32f4xx_hal_cortex.o
 .text.__NVIC_EnableIRQ
                0x08002a4c       0x3c ./Drivers/STM32F4xx_HAL_Driver/Src/stm32f4xx_hal_cortex.o
 .text.__NVIC_SetPriority
                0x08002a88       0x54 ./Drivers/STM32F4xx_HAL_Driver/Src/stm32f4xx_hal_cortex.o
 .text.NVIC_EncodePriority
                0x08002adc       0x66 ./Drivers/STM32F4xx_HAL_Driver/Src/stm32f4xx_hal_cortex.o
 *fill*         0x08002b42        0x2 
 .text.SysTick_Config
                0x08002b44       0x44 ./Drivers/STM32F4xx_HAL_Driver/Src/stm32f4xx_hal_cortex.o
 .text.HAL_NVIC_SetPriorityGrouping
                0x08002b88       0x16 ./Drivers/STM32F4xx_HAL_Driver/Src/stm32f4xx_hal_cortex.o
                0x08002b88                HAL_NVIC_SetPriorityGrouping
 .text.HAL_NVIC_SetPriority
                0x08002b9e       0x38 ./Drivers/STM32F4xx_HAL_Driver/Src/stm32f4xx_hal_cortex.o
                0x08002b9e                HAL_NVIC_SetPriority
 .text.HAL_NVIC_EnableIRQ
                0x08002bd6       0x1c ./Drivers/STM32F4xx_HAL_Driver/Src/stm32f4xx_hal_cortex.o
                0x08002bd6                HAL_NVIC_EnableIRQ
 .text.HAL_SYSTICK_Config
                0x08002bf2       0x18 ./Drivers/STM32F4xx_HAL_Driver/Src/stm32f4xx_hal_cortex.o
                0x08002bf2                HAL_SYSTICK_Config
 .text.HAL_DMA_Abort
                0x08002c0a       0xe0 ./Drivers/STM32F4xx_HAL_Driver/Src/stm32f4xx_hal_dma.o
                0x08002c0a                HAL_DMA_Abort
 .text.HAL_DMA_Abort_IT
                0x08002cea       0x44 ./Drivers/STM32F4xx_HAL_Driver/Src/stm32f4xx_hal_dma.o
                0x08002cea                HAL_DMA_Abort_IT
 *fill*         0x08002d2e        0x2 
 .text.HAL_GPIO_Init
                0x08002d30      0x338 ./Drivers/STM32F4xx_HAL_Driver/Src/stm32f4xx_hal_gpio.o
                0x08002d30                HAL_GPIO_Init
 .text.HAL_GPIO_WritePin
                0x08003068       0x32 ./Drivers/STM32F4xx_HAL_Driver/Src/stm32f4xx_hal_gpio.o
                0x08003068                HAL_GPIO_WritePin
 *fill*         0x0800309a        0x2 
 .text.HAL_RCC_OscConfig
                0x0800309c      0x4f0 ./Drivers/STM32F4xx_HAL_Driver/Src/stm32f4xx_hal_rcc.o
                0x0800309c                HAL_RCC_OscConfig
 .text.HAL_RCC_ClockConfig
                0x0800358c      0x1cc ./Drivers/STM32F4xx_HAL_Driver/Src/stm32f4xx_hal_rcc.o
                0x0800358c                HAL_RCC_ClockConfig
 .text.HAL_RCC_GetSysClockFreq
                0x08003758      0x20c ./Drivers/STM32F4xx_HAL_Driver/Src/stm32f4xx_hal_rcc.o
                0x08003758                HAL_RCC_GetSysClockFreq
 .text.HAL_RCC_GetHCLKFreq
                0x08003964       0x18 ./Drivers/STM32F4xx_HAL_Driver/Src/stm32f4xx_hal_rcc.o
                0x08003964                HAL_RCC_GetHCLKFreq
 .text.HAL_RCC_GetPCLK1Freq
                0x0800397c       0x28 ./Drivers/STM32F4xx_HAL_Driver/Src/stm32f4xx_hal_rcc.o
                0x0800397c                HAL_RCC_GetPCLK1Freq
 .text.HAL_RCC_GetPCLK2Freq
                0x080039a4       0x28 ./Drivers/STM32F4xx_HAL_Driver/Src/stm32f4xx_hal_rcc.o
                0x080039a4                HAL_RCC_GetPCLK2Freq
 .text.HAL_SPI_Init
                0x080039cc      0x112 ./Drivers/STM32F4xx_HAL_Driver/Src/stm32f4xx_hal_spi.o
                0x080039cc                HAL_SPI_Init
 .text.HAL_SPI_Transmit
                0x08003ade      0x288 ./Drivers/STM32F4xx_HAL_Driver/Src/stm32f4xx_hal_spi.o
                0x08003ade                HAL_SPI_Transmit
 .text.HAL_SPI_TransmitReceive
                0x08003d66      0x352 ./Drivers/STM32F4xx_HAL_Driver/Src/stm32f4xx_hal_spi.o
                0x08003d66                HAL_SPI_TransmitReceive
 .text.SPI_WaitFlagStateUntilTimeout
                0x080040b8      0x110 ./Drivers/STM32F4xx_HAL_Driver/Src/stm32f4xx_hal_spi.o
 .text.SPI_EndRxTxTransaction
                0x080041c8       0xa8 ./Drivers/STM32F4xx_HAL_Driver/Src/stm32f4xx_hal_spi.o
 .text.HAL_UART_Init
                0x08004270       0xa0 ./Drivers/STM32F4xx_HAL_Driver/Src/stm32f4xx_hal_uart.o
                0x08004270                HAL_UART_Init
 .text.HAL_UART_Transmit_IT
                0x08004310       0x6c ./Drivers/STM32F4xx_HAL_Driver/Src/stm32f4xx_hal_uart.o
                0x08004310                HAL_UART_Transmit_IT
 .text.HAL_UART_IRQHandler
                0x0800437c      0x554 ./Drivers/STM32F4xx_HAL_Driver/Src/stm32f4xx_hal_uart.o
                0x0800437c                HAL_UART_IRQHandler
 .text.HAL_UART_TxCpltCallback
                0x080048d0       0x14 ./Drivers/STM32F4xx_HAL_Driver/Src/stm32f4xx_hal_uart.o
                0x080048d0                HAL_UART_TxCpltCallback
 .text.HAL_UART_RxCpltCallback
                0x080048e4       0x14 ./Drivers/STM32F4xx_HAL_Driver/Src/stm32f4xx_hal_uart.o
                0x080048e4                HAL_UART_RxCpltCallback
 .text.HAL_UART_ErrorCallback
                0x080048f8       0x14 ./Drivers/STM32F4xx_HAL_Driver/Src/stm32f4xx_hal_uart.o
                0x080048f8                HAL_UART_ErrorCallback
 .text.HAL_UARTEx_RxEventCallback
                0x0800490c       0x18 ./Drivers/STM32F4xx_HAL_Driver/Src/stm32f4xx_hal_uart.o
                0x0800490c                HAL_UARTEx_RxEventCallback
 .text.UART_EndRxTransfer
                0x08004924       0xc6 ./Drivers/STM32F4xx_HAL_Driver/Src/stm32f4xx_hal_uart.o
 .text.UART_DMAAbortOnError
                0x080049ea       0x22 ./Drivers/STM32F4xx_HAL_Driver/Src/stm32f4xx_hal_uart.o
 .text.UART_Transmit_IT
                0x08004a0c       0xa0 ./Drivers/STM32F4xx_HAL_Driver/Src/stm32f4xx_hal_uart.o
 .text.UART_EndTransmit_IT
                0x08004aac       0x30 ./Drivers/STM32F4xx_HAL_Driver/Src/stm32f4xx_hal_uart.o
 .text.UART_Receive_IT
                0x08004adc      0x17c ./Drivers/STM32F4xx_HAL_Driver/Src/stm32f4xx_hal_uart.o
 .text.UART_SetConfig
                0x08004c58      0x4e8 ./Drivers/STM32F4xx_HAL_Driver/Src/stm32f4xx_hal_uart.o
 .text.std      0x08005140       0x6c C:/ST/STM32CubeIDE_1.18.1/STM32CubeIDE/plugins/com.st.stm32cube.ide.mcu.externaltools.gnu-tools-for-stm32.13.3.rel1.win32_1.0.0.202411081344/tools/bin/../lib/gcc/arm-none-eabi/13.3.1/../../../../arm-none-eabi/lib/thumb/v7e-m+fp/hard\libc_nano.a(libc_a-findfp.o)
 .text.stdio_exit_handler
                0x080051ac       0x18 C:/ST/STM32CubeIDE_1.18.1/STM32CubeIDE/plugins/com.st.stm32cube.ide.mcu.externaltools.gnu-tools-for-stm32.13.3.rel1.win32_1.0.0.202411081344/tools/bin/../lib/gcc/arm-none-eabi/13.3.1/../../../../arm-none-eabi/lib/thumb/v7e-m+fp/hard\libc_nano.a(libc_a-findfp.o)
 .text.cleanup_stdio
                0x080051c4       0x40 C:/ST/STM32CubeIDE_1.18.1/STM32CubeIDE/plugins/com.st.stm32cube.ide.mcu.externaltools.gnu-tools-for-stm32.13.3.rel1.win32_1.0.0.202411081344/tools/bin/../lib/gcc/arm-none-eabi/13.3.1/../../../../arm-none-eabi/lib/thumb/v7e-m+fp/hard\libc_nano.a(libc_a-findfp.o)
 .text.global_stdio_init.part.0
                0x08005204       0x3c C:/ST/STM32CubeIDE_1.18.1/STM32CubeIDE/plugins/com.st.stm32cube.ide.mcu.externaltools.gnu-tools-for-stm32.13.3.rel1.win32_1.0.0.202411081344/tools/bin/../lib/gcc/arm-none-eabi/13.3.1/../../../../arm-none-eabi/lib/thumb/v7e-m+fp/hard\libc_nano.a(libc_a-findfp.o)
 .text.__sfp_lock_acquire
                0x08005240        0xc C:/ST/STM32CubeIDE_1.18.1/STM32CubeIDE/plugins/com.st.stm32cube.ide.mcu.externaltools.gnu-tools-for-stm32.13.3.rel1.win32_1.0.0.202411081344/tools/bin/../lib/gcc/arm-none-eabi/13.3.1/../../../../arm-none-eabi/lib/thumb/v7e-m+fp/hard\libc_nano.a(libc_a-findfp.o)
                0x08005240                __sfp_lock_acquire
 .text.__sfp_lock_release
                0x0800524c        0xc C:/ST/STM32CubeIDE_1.18.1/STM32CubeIDE/plugins/com.st.stm32cube.ide.mcu.externaltools.gnu-tools-for-stm32.13.3.rel1.win32_1.0.0.202411081344/tools/bin/../lib/gcc/arm-none-eabi/13.3.1/../../../../arm-none-eabi/lib/thumb/v7e-m+fp/hard\libc_nano.a(libc_a-findfp.o)
                0x0800524c                __sfp_lock_release
 .text.__sinit  0x08005258       0x30 C:/ST/STM32CubeIDE_1.18.1/STM32CubeIDE/plugins/com.st.stm32cube.ide.mcu.externaltools.gnu-tools-for-stm32.13.3.rel1.win32_1.0.0.202411081344/tools/bin/../lib/gcc/arm-none-eabi/13.3.1/../../../../arm-none-eabi/lib/thumb/v7e-m+fp/hard\libc_nano.a(libc_a-findfp.o)
                0x08005258                __sinit
 .text._fwalk_sglue
                0x08005288       0x3c C:/ST/STM32CubeIDE_1.18.1/STM32CubeIDE/plugins/com.st.stm32cube.ide.mcu.externaltools.gnu-tools-for-stm32.13.3.rel1.win32_1.0.0.202411081344/tools/bin/../lib/gcc/arm-none-eabi/13.3.1/../../../../arm-none-eabi/lib/thumb/v7e-m+fp/hard\libc_nano.a(libc_a-fwalk.o)
                0x08005288                _fwalk_sglue
 .text._puts_r  0x080052c4       0xaa C:/ST/STM32CubeIDE_1.18.1/STM32CubeIDE/plugins/com.st.stm32cube.ide.mcu.externaltools.gnu-tools-for-stm32.13.3.rel1.win32_1.0.0.202411081344/tools/bin/../lib/gcc/arm-none-eabi/13.3.1/../../../../arm-none-eabi/lib/thumb/v7e-m+fp/hard\libc_nano.a(libc_a-puts.o)
                0x080052c4                _puts_r
 *fill*         0x0800536e        0x2 
 .text.puts     0x08005370       0x10 C:/ST/STM32CubeIDE_1.18.1/STM32CubeIDE/plugins/com.st.stm32cube.ide.mcu.externaltools.gnu-tools-for-stm32.13.3.rel1.win32_1.0.0.202411081344/tools/bin/../lib/gcc/arm-none-eabi/13.3.1/../../../../arm-none-eabi/lib/thumb/v7e-m+fp/hard\libc_nano.a(libc_a-puts.o)
                0x08005370                puts
 .text.sprintf  0x08005380       0x44 C:/ST/STM32CubeIDE_1.18.1/STM32CubeIDE/plugins/com.st.stm32cube.ide.mcu.externaltools.gnu-tools-for-stm32.13.3.rel1.win32_1.0.0.202411081344/tools/bin/../lib/gcc/arm-none-eabi/13.3.1/../../../../arm-none-eabi/lib/thumb/v7e-m+fp/hard\libc_nano.a(libc_a-sprintf.o)
                0x08005380                siprintf
                0x08005380                sprintf
 .text.__sread  0x080053c4       0x22 C:/ST/STM32CubeIDE_1.18.1/STM32CubeIDE/plugins/com.st.stm32cube.ide.mcu.externaltools.gnu-tools-for-stm32.13.3.rel1.win32_1.0.0.202411081344/tools/bin/../lib/gcc/arm-none-eabi/13.3.1/../../../../arm-none-eabi/lib/thumb/v7e-m+fp/hard\libc_nano.a(libc_a-stdio.o)
                0x080053c4                __sread
 .text.__swrite
                0x080053e6       0x38 C:/ST/STM32CubeIDE_1.18.1/STM32CubeIDE/plugins/com.st.stm32cube.ide.mcu.externaltools.gnu-tools-for-stm32.13.3.rel1.win32_1.0.0.202411081344/tools/bin/../lib/gcc/arm-none-eabi/13.3.1/../../../../arm-none-eabi/lib/thumb/v7e-m+fp/hard\libc_nano.a(libc_a-stdio.o)
                0x080053e6                __swrite
 .text.__sseek  0x0800541e       0x24 C:/ST/STM32CubeIDE_1.18.1/STM32CubeIDE/plugins/com.st.stm32cube.ide.mcu.externaltools.gnu-tools-for-stm32.13.3.rel1.win32_1.0.0.202411081344/tools/bin/../lib/gcc/arm-none-eabi/13.3.1/../../../../arm-none-eabi/lib/thumb/v7e-m+fp/hard\libc_nano.a(libc_a-stdio.o)
                0x0800541e                __sseek
 .text.__sclose
                0x08005442        0x8 C:/ST/STM32CubeIDE_1.18.1/STM32CubeIDE/plugins/com.st.stm32cube.ide.mcu.externaltools.gnu-tools-for-stm32.13.3.rel1.win32_1.0.0.202411081344/tools/bin/../lib/gcc/arm-none-eabi/13.3.1/../../../../arm-none-eabi/lib/thumb/v7e-m+fp/hard\libc_nano.a(libc_a-stdio.o)
                0x08005442                __sclose
 .text.__swbuf_r
                0x0800544a       0x7c C:/ST/STM32CubeIDE_1.18.1/STM32CubeIDE/plugins/com.st.stm32cube.ide.mcu.externaltools.gnu-tools-for-stm32.13.3.rel1.win32_1.0.0.202411081344/tools/bin/../lib/gcc/arm-none-eabi/13.3.1/../../../../arm-none-eabi/lib/thumb/v7e-m+fp/hard\libc_nano.a(libc_a-wbuf.o)
                0x0800544a                __swbuf_r
 *fill*         0x080054c6        0x2 
 .text.__swsetup_r
                0x080054c8       0xac C:/ST/STM32CubeIDE_1.18.1/STM32CubeIDE/plugins/com.st.stm32cube.ide.mcu.externaltools.gnu-tools-for-stm32.13.3.rel1.win32_1.0.0.202411081344/tools/bin/../lib/gcc/arm-none-eabi/13.3.1/../../../../arm-none-eabi/lib/thumb/v7e-m+fp/hard\libc_nano.a(libc_a-wsetup.o)
                0x080054c8                __swsetup_r
 .text.memset   0x08005574       0x10 C:/ST/STM32CubeIDE_1.18.1/STM32CubeIDE/plugins/com.st.stm32cube.ide.mcu.externaltools.gnu-tools-for-stm32.13.3.rel1.win32_1.0.0.202411081344/tools/bin/../lib/gcc/arm-none-eabi/13.3.1/../../../../arm-none-eabi/lib/thumb/v7e-m+fp/hard\libc_nano.a(libc_a-memset.o)
                0x08005574                memset
 .text._close_r
                0x08005584       0x20 C:/ST/STM32CubeIDE_1.18.1/STM32CubeIDE/plugins/com.st.stm32cube.ide.mcu.externaltools.gnu-tools-for-stm32.13.3.rel1.win32_1.0.0.202411081344/tools/bin/../lib/gcc/arm-none-eabi/13.3.1/../../../../arm-none-eabi/lib/thumb/v7e-m+fp/hard\libc_nano.a(libc_a-closer.o)
                0x08005584                _close_r
 .text._lseek_r
                0x080055a4       0x24 C:/ST/STM32CubeIDE_1.18.1/STM32CubeIDE/plugins/com.st.stm32cube.ide.mcu.externaltools.gnu-tools-for-stm32.13.3.rel1.win32_1.0.0.202411081344/tools/bin/../lib/gcc/arm-none-eabi/13.3.1/../../../../arm-none-eabi/lib/thumb/v7e-m+fp/hard\libc_nano.a(libc_a-lseekr.o)
                0x080055a4                _lseek_r
 .text._read_r  0x080055c8       0x24 C:/ST/STM32CubeIDE_1.18.1/STM32CubeIDE/plugins/com.st.stm32cube.ide.mcu.externaltools.gnu-tools-for-stm32.13.3.rel1.win32_1.0.0.202411081344/tools/bin/../lib/gcc/arm-none-eabi/13.3.1/../../../../arm-none-eabi/lib/thumb/v7e-m+fp/hard\libc_nano.a(libc_a-readr.o)
                0x080055c8                _read_r
 .text._write_r
                0x080055ec       0x24 C:/ST/STM32CubeIDE_1.18.1/STM32CubeIDE/plugins/com.st.stm32cube.ide.mcu.externaltools.gnu-tools-for-stm32.13.3.rel1.win32_1.0.0.202411081344/tools/bin/../lib/gcc/arm-none-eabi/13.3.1/../../../../arm-none-eabi/lib/thumb/v7e-m+fp/hard\libc_nano.a(libc_a-writer.o)
                0x080055ec                _write_r
 .text.__errno  0x08005610        0xc C:/ST/STM32CubeIDE_1.18.1/STM32CubeIDE/plugins/com.st.stm32cube.ide.mcu.externaltools.gnu-tools-for-stm32.13.3.rel1.win32_1.0.0.202411081344/tools/bin/../lib/gcc/arm-none-eabi/13.3.1/../../../../arm-none-eabi/lib/thumb/v7e-m+fp/hard\libc_nano.a(libc_a-errno.o)
                0x08005610                __errno
 .text.__libc_init_array
                0x0800561c       0x48 C:/ST/STM32CubeIDE_1.18.1/STM32CubeIDE/plugins/com.st.stm32cube.ide.mcu.externaltools.gnu-tools-for-stm32.13.3.rel1.win32_1.0.0.202411081344/tools/bin/../lib/gcc/arm-none-eabi/13.3.1/../../../../arm-none-eabi/lib/thumb/v7e-m+fp/hard\libc_nano.a(libc_a-init.o)
                0x0800561c                __libc_init_array
 .text.__retarget_lock_init_recursive
                0x08005664        0x2 C:/ST/STM32CubeIDE_1.18.1/STM32CubeIDE/plugins/com.st.stm32cube.ide.mcu.externaltools.gnu-tools-for-stm32.13.3.rel1.win32_1.0.0.202411081344/tools/bin/../lib/gcc/arm-none-eabi/13.3.1/../../../../arm-none-eabi/lib/thumb/v7e-m+fp/hard\libc_nano.a(libc_a-lock.o)
                0x08005664                __retarget_lock_init_recursive
 .text.__retarget_lock_acquire_recursive
                0x08005666        0x2 C:/ST/STM32CubeIDE_1.18.1/STM32CubeIDE/plugins/com.st.stm32cube.ide.mcu.externaltools.gnu-tools-for-stm32.13.3.rel1.win32_1.0.0.202411081344/tools/bin/../lib/gcc/arm-none-eabi/13.3.1/../../../../arm-none-eabi/lib/thumb/v7e-m+fp/hard\libc_nano.a(libc_a-lock.o)
                0x08005666                __retarget_lock_acquire_recursive
 .text.__retarget_lock_release_recursive
                0x08005668        0x2 C:/ST/STM32CubeIDE_1.18.1/STM32CubeIDE/plugins/com.st.stm32cube.ide.mcu.externaltools.gnu-tools-for-stm32.13.3.rel1.win32_1.0.0.202411081344/tools/bin/../lib/gcc/arm-none-eabi/13.3.1/../../../../arm-none-eabi/lib/thumb/v7e-m+fp/hard\libc_nano.a(libc_a-lock.o)
                0x08005668                __retarget_lock_release_recursive
 *fill*         0x0800566a        0x2 
 .text._free_r  0x0800566c       0x94 C:/ST/STM32CubeIDE_1.18.1/STM32CubeIDE/plugins/com.st.stm32cube.ide.mcu.externaltools.gnu-tools-for-stm32.13.3.rel1.win32_1.0.0.202411081344/tools/bin/../lib/gcc/arm-none-eabi/13.3.1/../../../../arm-none-eabi/lib/thumb/v7e-m+fp/hard\libc_nano.a(libc_a-freer.o)
                0x0800566c                _free_r
 .text.sbrk_aligned
                0x08005700       0x44 C:/ST/STM32CubeIDE_1.18.1/STM32CubeIDE/plugins/com.st.stm32cube.ide.mcu.externaltools.gnu-tools-for-stm32.13.3.rel1.win32_1.0.0.202411081344/tools/bin/../lib/gcc/arm-none-eabi/13.3.1/../../../../arm-none-eabi/lib/thumb/v7e-m+fp/hard\libc_nano.a(libc_a-mallocr.o)
 .text._malloc_r
                0x08005744      0x100 C:/ST/STM32CubeIDE_1.18.1/STM32CubeIDE/plugins/com.st.stm32cube.ide.mcu.externaltools.gnu-tools-for-stm32.13.3.rel1.win32_1.0.0.202411081344/tools/bin/../lib/gcc/arm-none-eabi/13.3.1/../../../../arm-none-eabi/lib/thumb/v7e-m+fp/hard\libc_nano.a(libc_a-mallocr.o)
                0x08005744                _malloc_r
 .text.__malloc_lock
                0x08005844        0xc C:/ST/STM32CubeIDE_1.18.1/STM32CubeIDE/plugins/com.st.stm32cube.ide.mcu.externaltools.gnu-tools-for-stm32.13.3.rel1.win32_1.0.0.202411081344/tools/bin/../lib/gcc/arm-none-eabi/13.3.1/../../../../arm-none-eabi/lib/thumb/v7e-m+fp/hard\libc_nano.a(libc_a-mlock.o)
                0x08005844                __malloc_lock
 .text.__malloc_unlock
                0x08005850        0xc C:/ST/STM32CubeIDE_1.18.1/STM32CubeIDE/plugins/com.st.stm32cube.ide.mcu.externaltools.gnu-tools-for-stm32.13.3.rel1.win32_1.0.0.202411081344/tools/bin/../lib/gcc/arm-none-eabi/13.3.1/../../../../arm-none-eabi/lib/thumb/v7e-m+fp/hard\libc_nano.a(libc_a-mlock.o)
                0x08005850                __malloc_unlock
 .text.__ssputs_r
                0x0800585c       0xb6 C:/ST/STM32CubeIDE_1.18.1/STM32CubeIDE/plugins/com.st.stm32cube.ide.mcu.externaltools.gnu-tools-for-stm32.13.3.rel1.win32_1.0.0.202411081344/tools/bin/../lib/gcc/arm-none-eabi/13.3.1/../../../../arm-none-eabi/lib/thumb/v7e-m+fp/hard\libc_nano.a(libc_a-nano-svfprintf.o)
                0x0800585c                __ssputs_r
 *fill*         0x08005912        0x2 
 .text._svfprintf_r
                0x08005914      0x1f8 C:/ST/STM32CubeIDE_1.18.1/STM32CubeIDE/plugins/com.st.stm32cube.ide.mcu.externaltools.gnu-tools-for-stm32.13.3.rel1.win32_1.0.0.202411081344/tools/bin/../lib/gcc/arm-none-eabi/13.3.1/../../../../arm-none-eabi/lib/thumb/v7e-m+fp/hard\libc_nano.a(libc_a-nano-svfprintf.o)
                0x08005914                _svfiprintf_r
                0x08005914                _svfprintf_r
 .text._printf_common
                0x08005b0c       0xda C:/ST/STM32CubeIDE_1.18.1/STM32CubeIDE/plugins/com.st.stm32cube.ide.mcu.externaltools.gnu-tools-for-stm32.13.3.rel1.win32_1.0.0.202411081344/tools/bin/../lib/gcc/arm-none-eabi/13.3.1/../../../../arm-none-eabi/lib/thumb/v7e-m+fp/hard\libc_nano.a(libc_a-nano-vfprintf_i.o)
                0x08005b0c                _printf_common
 *fill*         0x08005be6        0x2 
 .text._printf_i
                0x08005be8      0x23c C:/ST/STM32CubeIDE_1.18.1/STM32CubeIDE/plugins/com.st.stm32cube.ide.mcu.externaltools.gnu-tools-for-stm32.13.3.rel1.win32_1.0.0.202411081344/tools/bin/../lib/gcc/arm-none-eabi/13.3.1/../../../../arm-none-eabi/lib/thumb/v7e-m+fp/hard\libc_nano.a(libc_a-nano-vfprintf_i.o)
                0x08005be8                _printf_i
 .text.__sflush_r
                0x08005e24      0x108 C:/ST/STM32CubeIDE_1.18.1/STM32CubeIDE/plugins/com.st.stm32cube.ide.mcu.externaltools.gnu-tools-for-stm32.13.3.rel1.win32_1.0.0.202411081344/tools/bin/../lib/gcc/arm-none-eabi/13.3.1/../../../../arm-none-eabi/lib/thumb/v7e-m+fp/hard\libc_nano.a(libc_a-fflush.o)
                0x08005e24                __sflush_r
 .text._fflush_r
                0x08005f2c       0x50 C:/ST/STM32CubeIDE_1.18.1/STM32CubeIDE/plugins/com.st.stm32cube.ide.mcu.externaltools.gnu-tools-for-stm32.13.3.rel1.win32_1.0.0.202411081344/tools/bin/../lib/gcc/arm-none-eabi/13.3.1/../../../../arm-none-eabi/lib/thumb/v7e-m+fp/hard\libc_nano.a(libc_a-fflush.o)
                0x08005f2c                _fflush_r
 .text.__swhatbuf_r
                0x08005f7c       0x4c C:/ST/STM32CubeIDE_1.18.1/STM32CubeIDE/plugins/com.st.stm32cube.ide.mcu.externaltools.gnu-tools-for-stm32.13.3.rel1.win32_1.0.0.202411081344/tools/bin/../lib/gcc/arm-none-eabi/13.3.1/../../../../arm-none-eabi/lib/thumb/v7e-m+fp/hard\libc_nano.a(libc_a-makebuf.o)
                0x08005f7c                __swhatbuf_r
 .text.__smakebuf_r
                0x08005fc8       0x78 C:/ST/STM32CubeIDE_1.18.1/STM32CubeIDE/plugins/com.st.stm32cube.ide.mcu.externaltools.gnu-tools-for-stm32.13.3.rel1.win32_1.0.0.202411081344/tools/bin/../lib/gcc/arm-none-eabi/13.3.1/../../../../arm-none-eabi/lib/thumb/v7e-m+fp/hard\libc_nano.a(libc_a-makebuf.o)
                0x08005fc8                __smakebuf_r
 .text.memmove  0x08006040       0x34 C:/ST/STM32CubeIDE_1.18.1/STM32CubeIDE/plugins/com.st.stm32cube.ide.mcu.externaltools.gnu-tools-for-stm32.13.3.rel1.win32_1.0.0.202411081344/tools/bin/../lib/gcc/arm-none-eabi/13.3.1/../../../../arm-none-eabi/lib/thumb/v7e-m+fp/hard\libc_nano.a(libc_a-memmove.o)
                0x08006040                memmove
 .text._fstat_r
                0x08006074       0x24 C:/ST/STM32CubeIDE_1.18.1/STM32CubeIDE/plugins/com.st.stm32cube.ide.mcu.externaltools.gnu-tools-for-stm32.13.3.rel1.win32_1.0.0.202411081344/tools/bin/../lib/gcc/arm-none-eabi/13.3.1/../../../../arm-none-eabi/lib/thumb/v7e-m+fp/hard\libc_nano.a(libc_a-fstatr.o)
                0x08006074                _fstat_r
 .text._isatty_r
                0x08006098       0x20 C:/ST/STM32CubeIDE_1.18.1/STM32CubeIDE/plugins/com.st.stm32cube.ide.mcu.externaltools.gnu-tools-for-stm32.13.3.rel1.win32_1.0.0.202411081344/tools/bin/../lib/gcc/arm-none-eabi/13.3.1/../../../../arm-none-eabi/lib/thumb/v7e-m+fp/hard\libc_nano.a(libc_a-isattyr.o)
                0x08006098                _isatty_r
 .text._sbrk_r  0x080060b8       0x20 C:/ST/STM32CubeIDE_1.18.1/STM32CubeIDE/plugins/com.st.stm32cube.ide.mcu.externaltools.gnu-tools-for-stm32.13.3.rel1.win32_1.0.0.202411081344/tools/bin/../lib/gcc/arm-none-eabi/13.3.1/../../../../arm-none-eabi/lib/thumb/v7e-m+fp/hard\libc_nano.a(libc_a-sbrkr.o)
                0x080060b8                _sbrk_r
 .text.memcpy   0x080060d8       0x1c C:/ST/STM32CubeIDE_1.18.1/STM32CubeIDE/plugins/com.st.stm32cube.ide.mcu.externaltools.gnu-tools-for-stm32.13.3.rel1.win32_1.0.0.202411081344/tools/bin/../lib/gcc/arm-none-eabi/13.3.1/../../../../arm-none-eabi/lib/thumb/v7e-m+fp/hard\libc_nano.a(libc_a-memcpy-stub.o)
                0x080060d8                memcpy
 .text._realloc_r
                0x080060f4       0x5c C:/ST/STM32CubeIDE_1.18.1/STM32CubeIDE/plugins/com.st.stm32cube.ide.mcu.externaltools.gnu-tools-for-stm32.13.3.rel1.win32_1.0.0.202411081344/tools/bin/../lib/gcc/arm-none-eabi/13.3.1/../../../../arm-none-eabi/lib/thumb/v7e-m+fp/hard\libc_nano.a(libc_a-reallocr.o)
                0x080060f4                _realloc_r
 .text._malloc_usable_size_r
                0x08006150       0x10 C:/ST/STM32CubeIDE_1.18.1/STM32CubeIDE/plugins/com.st.stm32cube.ide.mcu.externaltools.gnu-tools-for-stm32.13.3.rel1.win32_1.0.0.202411081344/tools/bin/../lib/gcc/arm-none-eabi/13.3.1/../../../../arm-none-eabi/lib/thumb/v7e-m+fp/hard\libc_nano.a(libc_a-msizer.o)
                0x08006150                _malloc_usable_size_r
 .text.sqrtf    0x08006160       0x3c C:/ST/STM32CubeIDE_1.18.1/STM32CubeIDE/plugins/com.st.stm32cube.ide.mcu.externaltools.gnu-tools-for-stm32.13.3.rel1.win32_1.0.0.202411081344/tools/bin/../lib/gcc/arm-none-eabi/13.3.1/../../../../arm-none-eabi/lib/thumb/v7e-m+fp/hard\libm.a(libm_a-wf_sqrt.o)
                0x08006160                sqrtf
 .text.__ieee754_sqrtf
                0x0800619c        0x6 C:/ST/STM32CubeIDE_1.18.1/STM32CubeIDE/plugins/com.st.stm32cube.ide.mcu.externaltools.gnu-tools-for-stm32.13.3.rel1.win32_1.0.0.202411081344/tools/bin/../lib/gcc/arm-none-eabi/13.3.1/../../../../arm-none-eabi/lib/thumb/v7e-m+fp/hard\libm.a(libm_a-ef_sqrt.o)
                0x0800619c                __ieee754_sqrtf
 *(.glue_7)
 .glue_7        0x080061a2        0x0 linker stubs
 *(.glue_7t)
 .glue_7t       0x080061a2        0x0 linker stubs
 *(.eh_frame)
 *fill*         0x080061a2        0x2 
 .eh_frame      0x080061a4        0x0 C:/ST/STM32CubeIDE_1.18.1/STM32CubeIDE/plugins/com.st.stm32cube.ide.mcu.externaltools.gnu-tools-for-stm32.13.3.rel1.win32_1.0.0.202411081344/tools/bin/../lib/gcc/arm-none-eabi/13.3.1/thumb/v7e-m+fp/hard/crtbegin.o
 *(.init)
 .init          0x080061a4        0x4 C:/ST/STM32CubeIDE_1.18.1/STM32CubeIDE/plugins/com.st.stm32cube.ide.mcu.externaltools.gnu-tools-for-stm32.13.3.rel1.win32_1.0.0.202411081344/tools/bin/../lib/gcc/arm-none-eabi/13.3.1/thumb/v7e-m+fp/hard/crti.o
                0x080061a4                _init
 .init          0x080061a8        0x8 C:/ST/STM32CubeIDE_1.18.1/STM32CubeIDE/plugins/com.st.stm32cube.ide.mcu.externaltools.gnu-tools-for-stm32.13.3.rel1.win32_1.0.0.202411081344/tools/bin/../lib/gcc/arm-none-eabi/13.3.1/thumb/v7e-m+fp/hard/crtn.o
 *(.fini)
 .fini          0x080061b0        0x4 C:/ST/STM32CubeIDE_1.18.1/STM32CubeIDE/plugins/com.st.stm32cube.ide.mcu.externaltools.gnu-tools-for-stm32.13.3.rel1.win32_1.0.0.202411081344/tools/bin/../lib/gcc/arm-none-eabi/13.3.1/thumb/v7e-m+fp/hard/crti.o
                0x080061b0                _fini
 .fini          0x080061b4        0x8 C:/ST/STM32CubeIDE_1.18.1/STM32CubeIDE/plugins/com.st.stm32cube.ide.mcu.externaltools.gnu-tools-for-stm32.13.3.rel1.win32_1.0.0.202411081344/tools/bin/../lib/gcc/arm-none-eabi/13.3.1/thumb/v7e-m+fp/hard/crtn.o
                0x080061bc                        . = ALIGN (0x4)
                0x080061bc                        _etext = .

.vfp11_veneer   0x080061bc        0x0
 .vfp11_veneer  0x080061bc        0x0 linker stubs

.v4_bx          0x080061bc        0x0
 .v4_bx         0x080061bc        0x0 linker stubs

.iplt           0x080061bc        0x0
 .iplt          0x080061bc        0x0 C:/ST/STM32CubeIDE_1.18.1/STM32CubeIDE/plugins/com.st.stm32cube.ide.mcu.externaltools.gnu-tools-for-stm32.13.3.rel1.win32_1.0.0.202411081344/tools/bin/../lib/gcc/arm-none-eabi/13.3.1/thumb/v7e-m+fp/hard/crtbegin.o

.rodata         0x080061bc       0xa8
                0x080061bc                        . = ALIGN (0x4)
 *(.rodata)
 .rodata        0x080061bc       0x14 ./Core/Src/AD9910.o
 .rodata        0x080061d0       0x42 ./Core/Src/main.o
 *(.rodata*)
 *fill*         0x08006212        0x2 
 .rodata.cfr3   0x08006214        0x4 ./Core/Src/AD9910.o
                0x08006214                cfr3
 .rodata.AHBPrescTable
                0x08006218       0x10 ./Core/Src/system_stm32f4xx.o
                0x08006218                AHBPrescTable
 .rodata.APBPrescTable
                0x08006228        0x8 ./Core/Src/system_stm32f4xx.o
                0x08006228                APBPrescTable
 .rodata._svfprintf_r.str1.1
                0x08006230       0x33 C:/ST/STM32CubeIDE_1.18.1/STM32CubeIDE/plugins/com.st.stm32cube.ide.mcu.externaltools.gnu-tools-for-stm32.13.3.rel1.win32_1.0.0.202411081344/tools/bin/../lib/gcc/arm-none-eabi/13.3.1/../../../../arm-none-eabi/lib/thumb/v7e-m+fp/hard\libc_nano.a(libc_a-nano-svfprintf.o)
                                 0x11 (size before relaxing)
 .rodata._printf_i.str1.1
                0x08006263       0x22 C:/ST/STM32CubeIDE_1.18.1/STM32CubeIDE/plugins/com.st.stm32cube.ide.mcu.externaltools.gnu-tools-for-stm32.13.3.rel1.win32_1.0.0.202411081344/tools/bin/../lib/gcc/arm-none-eabi/13.3.1/../../../../arm-none-eabi/lib/thumb/v7e-m+fp/hard\libc_nano.a(libc_a-nano-vfprintf_i.o)
                0x08006288                        . = ALIGN (0x4)
 *fill*         0x08006263        0x1 

.ARM.extab      0x08006264        0x0
                0x08006264                        . = ALIGN (0x4)
 *(.ARM.extab* .gnu.linkonce.armextab.*)
                0x08006264                        . = ALIGN (0x4)

.ARM            0x08006264        0x8
                0x08006264                        . = ALIGN (0x4)
                0x08006264                        __exidx_start = .
 *(.ARM.exidx*)
 .ARM.exidx     0x08006264        0x8 C:/ST/STM32CubeIDE_1.18.1/STM32CubeIDE/plugins/com.st.stm32cube.ide.mcu.externaltools.gnu-tools-for-stm32.13.3.rel1.win32_1.0.0.202411081344/tools/bin/../lib/gcc/arm-none-eabi/13.3.1/../../../../arm-none-eabi/lib/thumb/v7e-m+fp/hard\libc_nano.a(libc_a-memchr.o)
 .ARM.exidx     0x0800626c        0x0 C:/ST/STM32CubeIDE_1.18.1/STM32CubeIDE/plugins/com.st.stm32cube.ide.mcu.externaltools.gnu-tools-for-stm32.13.3.rel1.win32_1.0.0.202411081344/tools/bin/../lib/gcc/arm-none-eabi/13.3.1/thumb/v7e-m+fp/hard\libgcc.a(_udivmoddi4.o)
                                  0x8 (size before relaxing)
                0x0800626c                        __exidx_end = .
                0x0800626c                        . = ALIGN (0x4)

.preinit_array  0x0800626c        0x0
                0x0800626c                        . = ALIGN (0x4)
                0x0800626c                        PROVIDE (__preinit_array_start = .)
 *(.preinit_array*)
                0x0800626c                        PROVIDE (__preinit_array_end = .)
                0x0800626c                        . = ALIGN (0x4)

.init_array     0x0800626c        0x4
                0x0800626c                        . = ALIGN (0x4)
                0x0800626c                        PROVIDE (__init_array_start = .)
 *(SORT_BY_NAME(.init_array.*))
 *(.init_array*)
 .init_array    0x0800626c        0x4 C:/ST/STM32CubeIDE_1.18.1/STM32CubeIDE/plugins/com.st.stm32cube.ide.mcu.externaltools.gnu-tools-for-stm32.13.3.rel1.win32_1.0.0.202411081344/tools/bin/../lib/gcc/arm-none-eabi/13.3.1/thumb/v7e-m+fp/hard/crtbegin.o
                0x08006270                        PROVIDE (__init_array_end = .)
                0x08006270                        . = ALIGN (0x4)

.fini_array     0x08006270        0x4
                0x08006270                        . = ALIGN (0x4)
                [!provide]                        PROVIDE (__fini_array_start = .)
 *(SORT_BY_NAME(.fini_array.*))
 *(.fini_array*)
 .fini_array    0x08006270        0x4 C:/ST/STM32CubeIDE_1.18.1/STM32CubeIDE/plugins/com.st.stm32cube.ide.mcu.externaltools.gnu-tools-for-stm32.13.3.rel1.win32_1.0.0.202411081344/tools/bin/../lib/gcc/arm-none-eabi/13.3.1/thumb/v7e-m+fp/hard/crtbegin.o
                [!provide]                        PROVIDE (__fini_array_end = .)
                0x08006274                        . = ALIGN (0x4)
                0x08006274                        _sidata = LOADADDR (.data)

.rel.dyn        0x08006274        0x0
 .rel.iplt      0x08006274        0x0 C:/ST/STM32CubeIDE_1.18.1/STM32CubeIDE/plugins/com.st.stm32cube.ide.mcu.externaltools.gnu-tools-for-stm32.13.3.rel1.win32_1.0.0.202411081344/tools/bin/../lib/gcc/arm-none-eabi/13.3.1/thumb/v7e-m+fp/hard/crtbegin.o

.data           0x20000000      0x138 load address 0x08006274
                0x20000000                        . = ALIGN (0x4)
                0x20000000                        _sdata = .
 *(.data)
 *(.data*)
 .data.cfr1     0x20000000        0x4 ./Core/Src/AD9910.o
                0x20000000                cfr1
 .data.cfr2     0x20000004        0x4 ./Core/Src/AD9910.o
                0x20000004                cfr2
 .data.profile11
                0x20000008        0x8 ./Core/Src/AD9910.o
                0x20000008                profile11
 .data.freq_index
                0x20000010       0xc0 ./Core/Src/main.o
                0x20000010                freq_index
 .data.SystemCoreClock
                0x200000d0        0x4 ./Core/Src/system_stm32f4xx.o
                0x200000d0                SystemCoreClock
 .data.uwTickPrio
                0x200000d4        0x4 ./Drivers/STM32F4xx_HAL_Driver/Src/stm32f4xx_hal.o
                0x200000d4                uwTickPrio
 .data.uwTickFreq
                0x200000d8        0x1 ./Drivers/STM32F4xx_HAL_Driver/Src/stm32f4xx_hal.o
                0x200000d8                uwTickFreq
 *fill*         0x200000d9        0x3 
 .data.__sglue  0x200000dc        0xc C:/ST/STM32CubeIDE_1.18.1/STM32CubeIDE/plugins/com.st.stm32cube.ide.mcu.externaltools.gnu-tools-for-stm32.13.3.rel1.win32_1.0.0.202411081344/tools/bin/../lib/gcc/arm-none-eabi/13.3.1/../../../../arm-none-eabi/lib/thumb/v7e-m+fp/hard\libc_nano.a(libc_a-findfp.o)
                0x200000dc                __sglue
 .data._impure_ptr
                0x200000e8        0x4 C:/ST/STM32CubeIDE_1.18.1/STM32CubeIDE/plugins/com.st.stm32cube.ide.mcu.externaltools.gnu-tools-for-stm32.13.3.rel1.win32_1.0.0.202411081344/tools/bin/../lib/gcc/arm-none-eabi/13.3.1/../../../../arm-none-eabi/lib/thumb/v7e-m+fp/hard\libc_nano.a(libc_a-impure.o)
                0x200000e8                _impure_ptr
 .data._impure_data
                0x200000ec       0x4c C:/ST/STM32CubeIDE_1.18.1/STM32CubeIDE/plugins/com.st.stm32cube.ide.mcu.externaltools.gnu-tools-for-stm32.13.3.rel1.win32_1.0.0.202411081344/tools/bin/../lib/gcc/arm-none-eabi/13.3.1/../../../../arm-none-eabi/lib/thumb/v7e-m+fp/hard\libc_nano.a(libc_a-impure.o)
                0x200000ec                _impure_data
 *(.RamFunc)
 *(.RamFunc*)
                0x20000138                        . = ALIGN (0x4)
                0x20000138                        _edata = .
                0x080063ac                        _siccmram = LOADADDR (.ccmram)

.igot.plt       0x20000138        0x0 load address 0x080063ac
 .igot.plt      0x20000138        0x0 C:/ST/STM32CubeIDE_1.18.1/STM32CubeIDE/plugins/com.st.stm32cube.ide.mcu.externaltools.gnu-tools-for-stm32.13.3.rel1.win32_1.0.0.202411081344/tools/bin/../lib/gcc/arm-none-eabi/13.3.1/thumb/v7e-m+fp/hard/crtbegin.o

.ccmram         0x10000000        0x0 load address 0x080063ac
                0x10000000                        . = ALIGN (0x4)
                0x10000000                        _sccmram = .
 *(.ccmram)
 *(.ccmram*)
                0x10000000                        . = ALIGN (0x4)
                0x10000000                        _eccmram = .
                0x10000000                        . = ALIGN (0x4)

.bss            0x20000138     0x1bcc
                0x20000138                        _sbss = .
                0x20000138                        __bss_start__ = _sbss
 *(.bss)
 .bss           0x20000138       0x1c C:/ST/STM32CubeIDE_1.18.1/STM32CubeIDE/plugins/com.st.stm32cube.ide.mcu.externaltools.gnu-tools-for-stm32.13.3.rel1.win32_1.0.0.202411081344/tools/bin/../lib/gcc/arm-none-eabi/13.3.1/thumb/v7e-m+fp/hard/crtbegin.o
 *(.bss*)
 .bss.fac_us    0x20000154        0x1 ./Core/Src/base.o
 *fill*         0x20000155        0x3 
 .bss.ADS_CH_Value
                0x20000158        0x6 ./Core/Src/main.o
                0x20000158                ADS_CH_Value
 *fill*         0x2000015e        0x2 
 .bss.adc_data  0x20000160     0x1800 ./Core/Src/main.o
                0x20000160                adc_data
 .bss.u1        0x20001960        0x4 ./Core/Src/main.o
                0x20001960                u1
 .bss.u2        0x20001964        0x4 ./Core/Src/main.o
                0x20001964                u2
 .bss.u3        0x20001968        0x4 ./Core/Src/main.o
                0x20001968                u3
 .bss.u4        0x2000196c        0x4 ./Core/Src/main.o
                0x2000196c                u4
 .bss.fH        0x20001970        0x4 ./Core/Src/main.o
                0x20001970                fH
 .bss.vpp       0x20001974        0xc ./Core/Src/main.o
                0x20001974                vpp
 .bss.bate      0x20001980        0x4 ./Core/Src/main.o
                0x20001980                bate
 .bss.str       0x20001984       0x64 ./Core/Src/main.o
                0x20001984                str
 .bss.top       0x200019e8        0x4 ./Core/Src/main.o
                0x200019e8                top
 .bss.Au        0x200019ec       0xc0 ./Core/Src/main.o
                0x200019ec                Au
 .bss.Rout1     0x20001aac        0x4 ./Core/Src/main.o
                0x20001aac                Rout1
 .bss.Rin1      0x20001ab0        0x4 ./Core/Src/main.o
                0x20001ab0                Rin1
 .bss.flag      0x20001ab4        0x4 ./Core/Src/main.o
                0x20001ab4                flag
 .bss.hspi1     0x20001ab8       0x58 ./Core/Src/spi.o
                0x20001ab8                hspi1
 .bss.hspi2     0x20001b10       0x58 ./Core/Src/spi.o
                0x20001b10                hspi2
 .bss.__sbrk_heap_end
                0x20001b68        0x4 ./Core/Src/sysmem.o
 .bss.huart1    0x20001b6c       0x48 ./Core/Src/usart.o
                0x20001b6c                huart1
 .bss.uwTick    0x20001bb4        0x4 ./Drivers/STM32F4xx_HAL_Driver/Src/stm32f4xx_hal.o
                0x20001bb4                uwTick
 .bss.__sf      0x20001bb8      0x138 C:/ST/STM32CubeIDE_1.18.1/STM32CubeIDE/plugins/com.st.stm32cube.ide.mcu.externaltools.gnu-tools-for-stm32.13.3.rel1.win32_1.0.0.202411081344/tools/bin/../lib/gcc/arm-none-eabi/13.3.1/../../../../arm-none-eabi/lib/thumb/v7e-m+fp/hard\libc_nano.a(libc_a-findfp.o)
                0x20001bb8                __sf
 .bss.__stdio_exit_handler
                0x20001cf0        0x4 C:/ST/STM32CubeIDE_1.18.1/STM32CubeIDE/plugins/com.st.stm32cube.ide.mcu.externaltools.gnu-tools-for-stm32.13.3.rel1.win32_1.0.0.202411081344/tools/bin/../lib/gcc/arm-none-eabi/13.3.1/../../../../arm-none-eabi/lib/thumb/v7e-m+fp/hard\libc_nano.a(libc_a-findfp.o)
                0x20001cf0                __stdio_exit_handler
 .bss.errno     0x20001cf4        0x4 C:/ST/STM32CubeIDE_1.18.1/STM32CubeIDE/plugins/com.st.stm32cube.ide.mcu.externaltools.gnu-tools-for-stm32.13.3.rel1.win32_1.0.0.202411081344/tools/bin/../lib/gcc/arm-none-eabi/13.3.1/../../../../arm-none-eabi/lib/thumb/v7e-m+fp/hard\libc_nano.a(libc_a-reent.o)
                0x20001cf4                errno
 .bss.__lock___malloc_recursive_mutex
                0x20001cf8        0x1 C:/ST/STM32CubeIDE_1.18.1/STM32CubeIDE/plugins/com.st.stm32cube.ide.mcu.externaltools.gnu-tools-for-stm32.13.3.rel1.win32_1.0.0.202411081344/tools/bin/../lib/gcc/arm-none-eabi/13.3.1/../../../../arm-none-eabi/lib/thumb/v7e-m+fp/hard\libc_nano.a(libc_a-lock.o)
                0x20001cf8                __lock___malloc_recursive_mutex
 .bss.__lock___sfp_recursive_mutex
                0x20001cf9        0x1 C:/ST/STM32CubeIDE_1.18.1/STM32CubeIDE/plugins/com.st.stm32cube.ide.mcu.externaltools.gnu-tools-for-stm32.13.3.rel1.win32_1.0.0.202411081344/tools/bin/../lib/gcc/arm-none-eabi/13.3.1/../../../../arm-none-eabi/lib/thumb/v7e-m+fp/hard\libc_nano.a(libc_a-lock.o)
                0x20001cf9                __lock___sfp_recursive_mutex
 *fill*         0x20001cfa        0x2 
 .bss.__malloc_sbrk_start
                0x20001cfc        0x4 C:/ST/STM32CubeIDE_1.18.1/STM32CubeIDE/plugins/com.st.stm32cube.ide.mcu.externaltools.gnu-tools-for-stm32.13.3.rel1.win32_1.0.0.202411081344/tools/bin/../lib/gcc/arm-none-eabi/13.3.1/../../../../arm-none-eabi/lib/thumb/v7e-m+fp/hard\libc_nano.a(libc_a-mallocr.o)
                0x20001cfc                __malloc_sbrk_start
 .bss.__malloc_free_list
                0x20001d00        0x4 C:/ST/STM32CubeIDE_1.18.1/STM32CubeIDE/plugins/com.st.stm32cube.ide.mcu.externaltools.gnu-tools-for-stm32.13.3.rel1.win32_1.0.0.202411081344/tools/bin/../lib/gcc/arm-none-eabi/13.3.1/../../../../arm-none-eabi/lib/thumb/v7e-m+fp/hard\libc_nano.a(libc_a-mallocr.o)
                0x20001d00                __malloc_free_list
 *(COMMON)
                0x20001d04                        . = ALIGN (0x4)
                0x20001d04                        _ebss = .
                0x20001d04                        __bss_end__ = _ebss

._user_heap_stack
                0x20001d04      0x604
                0x20001d08                        . = ALIGN (0x8)
 *fill*         0x20001d04        0x4 
                [!provide]                        PROVIDE (end = .)
                0x20001d08                        PROVIDE (_end = .)
                0x20001f08                        . = (. + _Min_Heap_Size)
 *fill*         0x20001d08      0x200 
                0x20002308                        . = (. + _Min_Stack_Size)
 *fill*         0x20001f08      0x400 
                0x20002308                        . = ALIGN (0x8)

/DISCARD/
 libc.a(*)
 libm.a(*)
 libgcc.a(*)

.ARM.attributes
                0x00000000       0x30
 *(.ARM.attributes)
 .ARM.attributes
                0x00000000       0x22 C:/ST/STM32CubeIDE_1.18.1/STM32CubeIDE/plugins/com.st.stm32cube.ide.mcu.externaltools.gnu-tools-for-stm32.13.3.rel1.win32_1.0.0.202411081344/tools/bin/../lib/gcc/arm-none-eabi/13.3.1/thumb/v7e-m+fp/hard/crti.o
 .ARM.attributes
                0x00000022       0x34 C:/ST/STM32CubeIDE_1.18.1/STM32CubeIDE/plugins/com.st.stm32cube.ide.mcu.externaltools.gnu-tools-for-stm32.13.3.rel1.win32_1.0.0.202411081344/tools/bin/../lib/gcc/arm-none-eabi/13.3.1/thumb/v7e-m+fp/hard/crtbegin.o
 .ARM.attributes
                0x00000056       0x34 ./Core/Src/AD9910.o
 .ARM.attributes
                0x0000008a       0x34 ./Core/Src/ads8688.o
 .ARM.attributes
                0x000000be       0x34 ./Core/Src/base.o
 .ARM.attributes
                0x000000f2       0x34 ./Core/Src/gpio.o
 .ARM.attributes
                0x00000126       0x34 ./Core/Src/main.o
 .ARM.attributes
                0x0000015a       0x34 ./Core/Src/spi.o
 .ARM.attributes
                0x0000018e       0x34 ./Core/Src/stm32f4xx_hal_msp.o
 .ARM.attributes
                0x000001c2       0x34 ./Core/Src/stm32f4xx_it.o
 .ARM.attributes
                0x000001f6       0x34 ./Core/Src/syscalls.o
 .ARM.attributes
                0x0000022a       0x34 ./Core/Src/sysmem.o
 .ARM.attributes
                0x0000025e       0x34 ./Core/Src/system_stm32f4xx.o
 .ARM.attributes
                0x00000292       0x34 ./Core/Src/tjc_usart_hmi.o
 .ARM.attributes
                0x000002c6       0x34 ./Core/Src/usart.o
 .ARM.attributes
                0x000002fa       0x21 ./Core/Startup/startup_stm32f407vetx.o
 .ARM.attributes
                0x0000031b       0x34 ./Drivers/STM32F4xx_HAL_Driver/Src/stm32f4xx_hal.o
 .ARM.attributes
                0x0000034f       0x34 ./Drivers/STM32F4xx_HAL_Driver/Src/stm32f4xx_hal_cortex.o
 .ARM.attributes
                0x00000383       0x34 ./Drivers/STM32F4xx_HAL_Driver/Src/stm32f4xx_hal_dma.o
 .ARM.attributes
                0x000003b7       0x34 ./Drivers/STM32F4xx_HAL_Driver/Src/stm32f4xx_hal_gpio.o
 .ARM.attributes
                0x000003eb       0x34 ./Drivers/STM32F4xx_HAL_Driver/Src/stm32f4xx_hal_rcc.o
 .ARM.attributes
                0x0000041f       0x34 ./Drivers/STM32F4xx_HAL_Driver/Src/stm32f4xx_hal_spi.o
 .ARM.attributes
                0x00000453       0x34 ./Drivers/STM32F4xx_HAL_Driver/Src/stm32f4xx_hal_uart.o
 .ARM.attributes
                0x00000487       0x34 C:/ST/STM32CubeIDE_1.18.1/STM32CubeIDE/plugins/com.st.stm32cube.ide.mcu.externaltools.gnu-tools-for-stm32.13.3.rel1.win32_1.0.0.202411081344/tools/bin/../lib/gcc/arm-none-eabi/13.3.1/../../../../arm-none-eabi/lib/thumb/v7e-m+fp/hard\libc_nano.a(libc_a-findfp.o)
 .ARM.attributes
                0x000004bb       0x34 C:/ST/STM32CubeIDE_1.18.1/STM32CubeIDE/plugins/com.st.stm32cube.ide.mcu.externaltools.gnu-tools-for-stm32.13.3.rel1.win32_1.0.0.202411081344/tools/bin/../lib/gcc/arm-none-eabi/13.3.1/../../../../arm-none-eabi/lib/thumb/v7e-m+fp/hard\libc_nano.a(libc_a-fwalk.o)
 .ARM.attributes
                0x000004ef       0x34 C:/ST/STM32CubeIDE_1.18.1/STM32CubeIDE/plugins/com.st.stm32cube.ide.mcu.externaltools.gnu-tools-for-stm32.13.3.rel1.win32_1.0.0.202411081344/tools/bin/../lib/gcc/arm-none-eabi/13.3.1/../../../../arm-none-eabi/lib/thumb/v7e-m+fp/hard\libc_nano.a(libc_a-puts.o)
 .ARM.attributes
                0x00000523       0x34 C:/ST/STM32CubeIDE_1.18.1/STM32CubeIDE/plugins/com.st.stm32cube.ide.mcu.externaltools.gnu-tools-for-stm32.13.3.rel1.win32_1.0.0.202411081344/tools/bin/../lib/gcc/arm-none-eabi/13.3.1/../../../../arm-none-eabi/lib/thumb/v7e-m+fp/hard\libc_nano.a(libc_a-sprintf.o)
 .ARM.attributes
                0x00000557       0x34 C:/ST/STM32CubeIDE_1.18.1/STM32CubeIDE/plugins/com.st.stm32cube.ide.mcu.externaltools.gnu-tools-for-stm32.13.3.rel1.win32_1.0.0.202411081344/tools/bin/../lib/gcc/arm-none-eabi/13.3.1/../../../../arm-none-eabi/lib/thumb/v7e-m+fp/hard\libc_nano.a(libc_a-stdio.o)
 .ARM.attributes
                0x0000058b       0x34 C:/ST/STM32CubeIDE_1.18.1/STM32CubeIDE/plugins/com.st.stm32cube.ide.mcu.externaltools.gnu-tools-for-stm32.13.3.rel1.win32_1.0.0.202411081344/tools/bin/../lib/gcc/arm-none-eabi/13.3.1/../../../../arm-none-eabi/lib/thumb/v7e-m+fp/hard\libc_nano.a(libc_a-wbuf.o)
 .ARM.attributes
                0x000005bf       0x34 C:/ST/STM32CubeIDE_1.18.1/STM32CubeIDE/plugins/com.st.stm32cube.ide.mcu.externaltools.gnu-tools-for-stm32.13.3.rel1.win32_1.0.0.202411081344/tools/bin/../lib/gcc/arm-none-eabi/13.3.1/../../../../arm-none-eabi/lib/thumb/v7e-m+fp/hard\libc_nano.a(libc_a-wsetup.o)
 .ARM.attributes
                0x000005f3       0x34 C:/ST/STM32CubeIDE_1.18.1/STM32CubeIDE/plugins/com.st.stm32cube.ide.mcu.externaltools.gnu-tools-for-stm32.13.3.rel1.win32_1.0.0.202411081344/tools/bin/../lib/gcc/arm-none-eabi/13.3.1/../../../../arm-none-eabi/lib/thumb/v7e-m+fp/hard\libc_nano.a(libc_a-memset.o)
 .ARM.attributes
                0x00000627       0x34 C:/ST/STM32CubeIDE_1.18.1/STM32CubeIDE/plugins/com.st.stm32cube.ide.mcu.externaltools.gnu-tools-for-stm32.13.3.rel1.win32_1.0.0.202411081344/tools/bin/../lib/gcc/arm-none-eabi/13.3.1/../../../../arm-none-eabi/lib/thumb/v7e-m+fp/hard\libc_nano.a(libc_a-closer.o)
 .ARM.attributes
                0x0000065b       0x34 C:/ST/STM32CubeIDE_1.18.1/STM32CubeIDE/plugins/com.st.stm32cube.ide.mcu.externaltools.gnu-tools-for-stm32.13.3.rel1.win32_1.0.0.202411081344/tools/bin/../lib/gcc/arm-none-eabi/13.3.1/../../../../arm-none-eabi/lib/thumb/v7e-m+fp/hard\libc_nano.a(libc_a-reent.o)
 .ARM.attributes
                0x0000068f       0x34 C:/ST/STM32CubeIDE_1.18.1/STM32CubeIDE/plugins/com.st.stm32cube.ide.mcu.externaltools.gnu-tools-for-stm32.13.3.rel1.win32_1.0.0.202411081344/tools/bin/../lib/gcc/arm-none-eabi/13.3.1/../../../../arm-none-eabi/lib/thumb/v7e-m+fp/hard\libc_nano.a(libc_a-impure.o)
 .ARM.attributes
                0x000006c3       0x34 C:/ST/STM32CubeIDE_1.18.1/STM32CubeIDE/plugins/com.st.stm32cube.ide.mcu.externaltools.gnu-tools-for-stm32.13.3.rel1.win32_1.0.0.202411081344/tools/bin/../lib/gcc/arm-none-eabi/13.3.1/../../../../arm-none-eabi/lib/thumb/v7e-m+fp/hard\libc_nano.a(libc_a-lseekr.o)
 .ARM.attributes
                0x000006f7       0x34 C:/ST/STM32CubeIDE_1.18.1/STM32CubeIDE/plugins/com.st.stm32cube.ide.mcu.externaltools.gnu-tools-for-stm32.13.3.rel1.win32_1.0.0.202411081344/tools/bin/../lib/gcc/arm-none-eabi/13.3.1/../../../../arm-none-eabi/lib/thumb/v7e-m+fp/hard\libc_nano.a(libc_a-readr.o)
 .ARM.attributes
                0x0000072b       0x34 C:/ST/STM32CubeIDE_1.18.1/STM32CubeIDE/plugins/com.st.stm32cube.ide.mcu.externaltools.gnu-tools-for-stm32.13.3.rel1.win32_1.0.0.202411081344/tools/bin/../lib/gcc/arm-none-eabi/13.3.1/../../../../arm-none-eabi/lib/thumb/v7e-m+fp/hard\libc_nano.a(libc_a-writer.o)
 .ARM.attributes
                0x0000075f       0x34 C:/ST/STM32CubeIDE_1.18.1/STM32CubeIDE/plugins/com.st.stm32cube.ide.mcu.externaltools.gnu-tools-for-stm32.13.3.rel1.win32_1.0.0.202411081344/tools/bin/../lib/gcc/arm-none-eabi/13.3.1/../../../../arm-none-eabi/lib/thumb/v7e-m+fp/hard\libc_nano.a(libc_a-errno.o)
 .ARM.attributes
                0x00000793       0x34 C:/ST/STM32CubeIDE_1.18.1/STM32CubeIDE/plugins/com.st.stm32cube.ide.mcu.externaltools.gnu-tools-for-stm32.13.3.rel1.win32_1.0.0.202411081344/tools/bin/../lib/gcc/arm-none-eabi/13.3.1/../../../../arm-none-eabi/lib/thumb/v7e-m+fp/hard\libc_nano.a(libc_a-init.o)
 .ARM.attributes
                0x000007c7       0x34 C:/ST/STM32CubeIDE_1.18.1/STM32CubeIDE/plugins/com.st.stm32cube.ide.mcu.externaltools.gnu-tools-for-stm32.13.3.rel1.win32_1.0.0.202411081344/tools/bin/../lib/gcc/arm-none-eabi/13.3.1/../../../../arm-none-eabi/lib/thumb/v7e-m+fp/hard\libc_nano.a(libc_a-lock.o)
 .ARM.attributes
                0x000007fb       0x34 C:/ST/STM32CubeIDE_1.18.1/STM32CubeIDE/plugins/com.st.stm32cube.ide.mcu.externaltools.gnu-tools-for-stm32.13.3.rel1.win32_1.0.0.202411081344/tools/bin/../lib/gcc/arm-none-eabi/13.3.1/../../../../arm-none-eabi/lib/thumb/v7e-m+fp/hard\libc_nano.a(libc_a-freer.o)
 .ARM.attributes
                0x0000082f       0x34 C:/ST/STM32CubeIDE_1.18.1/STM32CubeIDE/plugins/com.st.stm32cube.ide.mcu.externaltools.gnu-tools-for-stm32.13.3.rel1.win32_1.0.0.202411081344/tools/bin/../lib/gcc/arm-none-eabi/13.3.1/../../../../arm-none-eabi/lib/thumb/v7e-m+fp/hard\libc_nano.a(libc_a-mallocr.o)
 .ARM.attributes
                0x00000863       0x34 C:/ST/STM32CubeIDE_1.18.1/STM32CubeIDE/plugins/com.st.stm32cube.ide.mcu.externaltools.gnu-tools-for-stm32.13.3.rel1.win32_1.0.0.202411081344/tools/bin/../lib/gcc/arm-none-eabi/13.3.1/../../../../arm-none-eabi/lib/thumb/v7e-m+fp/hard\libc_nano.a(libc_a-mlock.o)
 .ARM.attributes
                0x00000897       0x34 C:/ST/STM32CubeIDE_1.18.1/STM32CubeIDE/plugins/com.st.stm32cube.ide.mcu.externaltools.gnu-tools-for-stm32.13.3.rel1.win32_1.0.0.202411081344/tools/bin/../lib/gcc/arm-none-eabi/13.3.1/../../../../arm-none-eabi/lib/thumb/v7e-m+fp/hard\libc_nano.a(libc_a-nano-svfprintf.o)
 .ARM.attributes
                0x000008cb       0x34 C:/ST/STM32CubeIDE_1.18.1/STM32CubeIDE/plugins/com.st.stm32cube.ide.mcu.externaltools.gnu-tools-for-stm32.13.3.rel1.win32_1.0.0.202411081344/tools/bin/../lib/gcc/arm-none-eabi/13.3.1/../../../../arm-none-eabi/lib/thumb/v7e-m+fp/hard\libc_nano.a(libc_a-nano-vfprintf_i.o)
 .ARM.attributes
                0x000008ff       0x34 C:/ST/STM32CubeIDE_1.18.1/STM32CubeIDE/plugins/com.st.stm32cube.ide.mcu.externaltools.gnu-tools-for-stm32.13.3.rel1.win32_1.0.0.202411081344/tools/bin/../lib/gcc/arm-none-eabi/13.3.1/../../../../arm-none-eabi/lib/thumb/v7e-m+fp/hard\libc_nano.a(libc_a-fflush.o)
 .ARM.attributes
                0x00000933       0x34 C:/ST/STM32CubeIDE_1.18.1/STM32CubeIDE/plugins/com.st.stm32cube.ide.mcu.externaltools.gnu-tools-for-stm32.13.3.rel1.win32_1.0.0.202411081344/tools/bin/../lib/gcc/arm-none-eabi/13.3.1/../../../../arm-none-eabi/lib/thumb/v7e-m+fp/hard\libc_nano.a(libc_a-makebuf.o)
 .ARM.attributes
                0x00000967       0x34 C:/ST/STM32CubeIDE_1.18.1/STM32CubeIDE/plugins/com.st.stm32cube.ide.mcu.externaltools.gnu-tools-for-stm32.13.3.rel1.win32_1.0.0.202411081344/tools/bin/../lib/gcc/arm-none-eabi/13.3.1/../../../../arm-none-eabi/lib/thumb/v7e-m+fp/hard\libc_nano.a(libc_a-memmove.o)
 .ARM.attributes
                0x0000099b       0x34 C:/ST/STM32CubeIDE_1.18.1/STM32CubeIDE/plugins/com.st.stm32cube.ide.mcu.externaltools.gnu-tools-for-stm32.13.3.rel1.win32_1.0.0.202411081344/tools/bin/../lib/gcc/arm-none-eabi/13.3.1/../../../../arm-none-eabi/lib/thumb/v7e-m+fp/hard\libc_nano.a(libc_a-fstatr.o)
 .ARM.attributes
                0x000009cf       0x34 C:/ST/STM32CubeIDE_1.18.1/STM32CubeIDE/plugins/com.st.stm32cube.ide.mcu.externaltools.gnu-tools-for-stm32.13.3.rel1.win32_1.0.0.202411081344/tools/bin/../lib/gcc/arm-none-eabi/13.3.1/../../../../arm-none-eabi/lib/thumb/v7e-m+fp/hard\libc_nano.a(libc_a-isattyr.o)
 .ARM.attributes
                0x00000a03       0x34 C:/ST/STM32CubeIDE_1.18.1/STM32CubeIDE/plugins/com.st.stm32cube.ide.mcu.externaltools.gnu-tools-for-stm32.13.3.rel1.win32_1.0.0.202411081344/tools/bin/../lib/gcc/arm-none-eabi/13.3.1/../../../../arm-none-eabi/lib/thumb/v7e-m+fp/hard\libc_nano.a(libc_a-sbrkr.o)
 .ARM.attributes
                0x00000a37       0x1c C:/ST/STM32CubeIDE_1.18.1/STM32CubeIDE/plugins/com.st.stm32cube.ide.mcu.externaltools.gnu-tools-for-stm32.13.3.rel1.win32_1.0.0.202411081344/tools/bin/../lib/gcc/arm-none-eabi/13.3.1/../../../../arm-none-eabi/lib/thumb/v7e-m+fp/hard\libc_nano.a(libc_a-memchr.o)
 .ARM.attributes
                0x00000a53       0x34 C:/ST/STM32CubeIDE_1.18.1/STM32CubeIDE/plugins/com.st.stm32cube.ide.mcu.externaltools.gnu-tools-for-stm32.13.3.rel1.win32_1.0.0.202411081344/tools/bin/../lib/gcc/arm-none-eabi/13.3.1/../../../../arm-none-eabi/lib/thumb/v7e-m+fp/hard\libc_nano.a(libc_a-memcpy-stub.o)
 .ARM.attributes
                0x00000a87       0x34 C:/ST/STM32CubeIDE_1.18.1/STM32CubeIDE/plugins/com.st.stm32cube.ide.mcu.externaltools.gnu-tools-for-stm32.13.3.rel1.win32_1.0.0.202411081344/tools/bin/../lib/gcc/arm-none-eabi/13.3.1/../../../../arm-none-eabi/lib/thumb/v7e-m+fp/hard\libc_nano.a(libc_a-reallocr.o)
 .ARM.attributes
                0x00000abb       0x34 C:/ST/STM32CubeIDE_1.18.1/STM32CubeIDE/plugins/com.st.stm32cube.ide.mcu.externaltools.gnu-tools-for-stm32.13.3.rel1.win32_1.0.0.202411081344/tools/bin/../lib/gcc/arm-none-eabi/13.3.1/../../../../arm-none-eabi/lib/thumb/v7e-m+fp/hard\libc_nano.a(libc_a-msizer.o)
 .ARM.attributes
                0x00000aef       0x34 C:/ST/STM32CubeIDE_1.18.1/STM32CubeIDE/plugins/com.st.stm32cube.ide.mcu.externaltools.gnu-tools-for-stm32.13.3.rel1.win32_1.0.0.202411081344/tools/bin/../lib/gcc/arm-none-eabi/13.3.1/../../../../arm-none-eabi/lib/thumb/v7e-m+fp/hard\libm.a(libm_a-wf_sqrt.o)
 .ARM.attributes
                0x00000b23       0x34 C:/ST/STM32CubeIDE_1.18.1/STM32CubeIDE/plugins/com.st.stm32cube.ide.mcu.externaltools.gnu-tools-for-stm32.13.3.rel1.win32_1.0.0.202411081344/tools/bin/../lib/gcc/arm-none-eabi/13.3.1/../../../../arm-none-eabi/lib/thumb/v7e-m+fp/hard\libm.a(libm_a-ef_sqrt.o)
 .ARM.attributes
                0x00000b57       0x22 C:/ST/STM32CubeIDE_1.18.1/STM32CubeIDE/plugins/com.st.stm32cube.ide.mcu.externaltools.gnu-tools-for-stm32.13.3.rel1.win32_1.0.0.202411081344/tools/bin/../lib/gcc/arm-none-eabi/13.3.1/thumb/v7e-m+fp/hard\libgcc.a(_arm_addsubdf3.o)
 .ARM.attributes
                0x00000b79       0x22 C:/ST/STM32CubeIDE_1.18.1/STM32CubeIDE/plugins/com.st.stm32cube.ide.mcu.externaltools.gnu-tools-for-stm32.13.3.rel1.win32_1.0.0.202411081344/tools/bin/../lib/gcc/arm-none-eabi/13.3.1/thumb/v7e-m+fp/hard\libgcc.a(_arm_muldivdf3.o)
 .ARM.attributes
                0x00000b9b       0x22 C:/ST/STM32CubeIDE_1.18.1/STM32CubeIDE/plugins/com.st.stm32cube.ide.mcu.externaltools.gnu-tools-for-stm32.13.3.rel1.win32_1.0.0.202411081344/tools/bin/../lib/gcc/arm-none-eabi/13.3.1/thumb/v7e-m+fp/hard\libgcc.a(_arm_cmpdf2.o)
 .ARM.attributes
                0x00000bbd       0x22 C:/ST/STM32CubeIDE_1.18.1/STM32CubeIDE/plugins/com.st.stm32cube.ide.mcu.externaltools.gnu-tools-for-stm32.13.3.rel1.win32_1.0.0.202411081344/tools/bin/../lib/gcc/arm-none-eabi/13.3.1/thumb/v7e-m+fp/hard\libgcc.a(_arm_fixdfsi.o)
 .ARM.attributes
                0x00000bdf       0x22 C:/ST/STM32CubeIDE_1.18.1/STM32CubeIDE/plugins/com.st.stm32cube.ide.mcu.externaltools.gnu-tools-for-stm32.13.3.rel1.win32_1.0.0.202411081344/tools/bin/../lib/gcc/arm-none-eabi/13.3.1/thumb/v7e-m+fp/hard\libgcc.a(_arm_fixunsdfsi.o)
 .ARM.attributes
                0x00000c01       0x22 C:/ST/STM32CubeIDE_1.18.1/STM32CubeIDE/plugins/com.st.stm32cube.ide.mcu.externaltools.gnu-tools-for-stm32.13.3.rel1.win32_1.0.0.202411081344/tools/bin/../lib/gcc/arm-none-eabi/13.3.1/thumb/v7e-m+fp/hard\libgcc.a(_arm_truncdfsf2.o)
 .ARM.attributes
                0x00000c23       0x22 C:/ST/STM32CubeIDE_1.18.1/STM32CubeIDE/plugins/com.st.stm32cube.ide.mcu.externaltools.gnu-tools-for-stm32.13.3.rel1.win32_1.0.0.202411081344/tools/bin/../lib/gcc/arm-none-eabi/13.3.1/thumb/v7e-m+fp/hard\libgcc.a(_aeabi_uldivmod.o)
 .ARM.attributes
                0x00000c45       0x34 C:/ST/STM32CubeIDE_1.18.1/STM32CubeIDE/plugins/com.st.stm32cube.ide.mcu.externaltools.gnu-tools-for-stm32.13.3.rel1.win32_1.0.0.202411081344/tools/bin/../lib/gcc/arm-none-eabi/13.3.1/thumb/v7e-m+fp/hard\libgcc.a(_udivmoddi4.o)
 .ARM.attributes
                0x00000c79       0x22 C:/ST/STM32CubeIDE_1.18.1/STM32CubeIDE/plugins/com.st.stm32cube.ide.mcu.externaltools.gnu-tools-for-stm32.13.3.rel1.win32_1.0.0.202411081344/tools/bin/../lib/gcc/arm-none-eabi/13.3.1/thumb/v7e-m+fp/hard\libgcc.a(_dvmd_tls.o)
 .ARM.attributes
                0x00000c9b       0x22 C:/ST/STM32CubeIDE_1.18.1/STM32CubeIDE/plugins/com.st.stm32cube.ide.mcu.externaltools.gnu-tools-for-stm32.13.3.rel1.win32_1.0.0.202411081344/tools/bin/../lib/gcc/arm-none-eabi/13.3.1/thumb/v7e-m+fp/hard/crtn.o
OUTPUT(AD9910.elf elf32-littlearm)
LOAD linker stubs
LOAD C:/ST/STM32CubeIDE_1.18.1/STM32CubeIDE/plugins/com.st.stm32cube.ide.mcu.externaltools.gnu-tools-for-stm32.13.3.rel1.win32_1.0.0.202411081344/tools/bin/../lib/gcc/arm-none-eabi/13.3.1/../../../../arm-none-eabi/lib/thumb/v7e-m+fp/hard\libc.a
LOAD C:/ST/STM32CubeIDE_1.18.1/STM32CubeIDE/plugins/com.st.stm32cube.ide.mcu.externaltools.gnu-tools-for-stm32.13.3.rel1.win32_1.0.0.202411081344/tools/bin/../lib/gcc/arm-none-eabi/13.3.1/../../../../arm-none-eabi/lib/thumb/v7e-m+fp/hard\libm.a
LOAD C:/ST/STM32CubeIDE_1.18.1/STM32CubeIDE/plugins/com.st.stm32cube.ide.mcu.externaltools.gnu-tools-for-stm32.13.3.rel1.win32_1.0.0.202411081344/tools/bin/../lib/gcc/arm-none-eabi/13.3.1/thumb/v7e-m+fp/hard\libgcc.a

.debug_info     0x00000000     0xc830
 .debug_info    0x00000000      0x687 ./Core/Src/AD9910.o
 .debug_info    0x00000687      0x89f ./Core/Src/ads8688.o
 .debug_info    0x00000f26      0x21d ./Core/Src/base.o
 .debug_info    0x00001143      0x441 ./Core/Src/gpio.o
 .debug_info    0x00001584      0xb29 ./Core/Src/main.o
 .debug_info    0x000020ad      0x9c1 ./Core/Src/spi.o
 .debug_info    0x00002a6e      0x269 ./Core/Src/stm32f4xx_hal_msp.o
 .debug_info    0x00002cd7      0x639 ./Core/Src/stm32f4xx_it.o
 .debug_info    0x00003310      0x6a3 ./Core/Src/syscalls.o
 .debug_info    0x000039b3      0x168 ./Core/Src/sysmem.o
 .debug_info    0x00003b1b      0x512 ./Core/Src/system_stm32f4xx.o
 .debug_info    0x0000402d      0x895 ./Core/Src/tjc_usart_hmi.o
 .debug_info    0x000048c2      0xb8d ./Core/Src/usart.o
 .debug_info    0x0000544f       0x30 ./Core/Startup/startup_stm32f407vetx.o
 .debug_info    0x0000547f      0x944 ./Drivers/STM32F4xx_HAL_Driver/Src/stm32f4xx_hal.o
 .debug_info    0x00005dc3      0xd8c ./Drivers/STM32F4xx_HAL_Driver/Src/stm32f4xx_hal_cortex.o
 .debug_info    0x00006b4f      0x8e7 ./Drivers/STM32F4xx_HAL_Driver/Src/stm32f4xx_hal_dma.o
 .debug_info    0x00007436      0x6c3 ./Drivers/STM32F4xx_HAL_Driver/Src/stm32f4xx_hal_gpio.o
 .debug_info    0x00007af9      0x8c3 ./Drivers/STM32F4xx_HAL_Driver/Src/stm32f4xx_hal_rcc.o
 .debug_info    0x000083bc     0x1525 ./Drivers/STM32F4xx_HAL_Driver/Src/stm32f4xx_hal_spi.o
 .debug_info    0x000098e1     0x2f4f ./Drivers/STM32F4xx_HAL_Driver/Src/stm32f4xx_hal_uart.o

.debug_abbrev   0x00000000     0x278d
 .debug_abbrev  0x00000000      0x18f ./Core/Src/AD9910.o
 .debug_abbrev  0x0000018f      0x242 ./Core/Src/ads8688.o
 .debug_abbrev  0x000003d1      0x13e ./Core/Src/base.o
 .debug_abbrev  0x0000050f      0x152 ./Core/Src/gpio.o
 .debug_abbrev  0x00000661      0x348 ./Core/Src/main.o
 .debug_abbrev  0x000009a9      0x200 ./Core/Src/spi.o
 .debug_abbrev  0x00000ba9       0xd8 ./Core/Src/stm32f4xx_hal_msp.o
 .debug_abbrev  0x00000c81      0x175 ./Core/Src/stm32f4xx_it.o
 .debug_abbrev  0x00000df6      0x1b6 ./Core/Src/syscalls.o
 .debug_abbrev  0x00000fac       0xbc ./Core/Src/sysmem.o
 .debug_abbrev  0x00001068      0x11a ./Core/Src/system_stm32f4xx.o
 .debug_abbrev  0x00001182      0x227 ./Core/Src/tjc_usart_hmi.o
 .debug_abbrev  0x000013a9      0x218 ./Core/Src/usart.o
 .debug_abbrev  0x000015c1       0x24 ./Core/Startup/startup_stm32f407vetx.o
 .debug_abbrev  0x000015e5      0x214 ./Drivers/STM32F4xx_HAL_Driver/Src/stm32f4xx_hal.o
 .debug_abbrev  0x000017f9      0x31d ./Drivers/STM32F4xx_HAL_Driver/Src/stm32f4xx_hal_cortex.o
 .debug_abbrev  0x00001b16      0x264 ./Drivers/STM32F4xx_HAL_Driver/Src/stm32f4xx_hal_dma.o
 .debug_abbrev  0x00001d7a      0x1d4 ./Drivers/STM32F4xx_HAL_Driver/Src/stm32f4xx_hal_gpio.o
 .debug_abbrev  0x00001f4e      0x2b7 ./Drivers/STM32F4xx_HAL_Driver/Src/stm32f4xx_hal_rcc.o
 .debug_abbrev  0x00002205      0x27a ./Drivers/STM32F4xx_HAL_Driver/Src/stm32f4xx_hal_spi.o
 .debug_abbrev  0x0000247f      0x30e ./Drivers/STM32F4xx_HAL_Driver/Src/stm32f4xx_hal_uart.o

.debug_aranges  0x00000000      0xb30
 .debug_aranges
                0x00000000       0x68 ./Core/Src/AD9910.o
 .debug_aranges
                0x00000068       0x40 ./Core/Src/ads8688.o
 .debug_aranges
                0x000000a8       0x38 ./Core/Src/base.o
 .debug_aranges
                0x000000e0       0x20 ./Core/Src/gpio.o
 .debug_aranges
                0x00000100       0x60 ./Core/Src/main.o
 .debug_aranges
                0x00000160       0x38 ./Core/Src/spi.o
 .debug_aranges
                0x00000198       0x20 ./Core/Src/stm32f4xx_hal_msp.o
 .debug_aranges
                0x000001b8       0x68 ./Core/Src/stm32f4xx_it.o
 .debug_aranges
                0x00000220       0xa8 ./Core/Src/syscalls.o
 .debug_aranges
                0x000002c8       0x20 ./Core/Src/sysmem.o
 .debug_aranges
                0x000002e8       0x28 ./Core/Src/system_stm32f4xx.o
 .debug_aranges
                0x00000310       0x60 ./Core/Src/tjc_usart_hmi.o
 .debug_aranges
                0x00000370       0x30 ./Core/Src/usart.o
 .debug_aranges
                0x000003a0       0x28 ./Core/Startup/startup_stm32f407vetx.o
 .debug_aranges
                0x000003c8       0xf0 ./Drivers/STM32F4xx_HAL_Driver/Src/stm32f4xx_hal.o
 .debug_aranges
                0x000004b8      0x130 ./Drivers/STM32F4xx_HAL_Driver/Src/stm32f4xx_hal_cortex.o
 .debug_aranges
                0x000005e8       0x90 ./Drivers/STM32F4xx_HAL_Driver/Src/stm32f4xx_hal_dma.o
 .debug_aranges
                0x00000678       0x58 ./Drivers/STM32F4xx_HAL_Driver/Src/stm32f4xx_hal_gpio.o
 .debug_aranges
                0x000006d0       0x88 ./Drivers/STM32F4xx_HAL_Driver/Src/stm32f4xx_hal_rcc.o
 .debug_aranges
                0x00000758      0x1d0 ./Drivers/STM32F4xx_HAL_Driver/Src/stm32f4xx_hal_spi.o
 .debug_aranges
                0x00000928      0x208 ./Drivers/STM32F4xx_HAL_Driver/Src/stm32f4xx_hal_uart.o

.debug_rnglists
                0x00000000      0x873
 .debug_rnglists
                0x00000000       0x4e ./Core/Src/AD9910.o
 .debug_rnglists
                0x0000004e       0x2d ./Core/Src/ads8688.o
 .debug_rnglists
                0x0000007b       0x26 ./Core/Src/base.o
 .debug_rnglists
                0x000000a1       0x14 ./Core/Src/gpio.o
 .debug_rnglists
                0x000000b5       0x4a ./Core/Src/main.o
 .debug_rnglists
                0x000000ff       0x26 ./Core/Src/spi.o
 .debug_rnglists
                0x00000125       0x13 ./Core/Src/stm32f4xx_hal_msp.o
 .debug_rnglists
                0x00000138       0x49 ./Core/Src/stm32f4xx_it.o
 .debug_rnglists
                0x00000181       0x79 ./Core/Src/syscalls.o
 .debug_rnglists
                0x000001fa       0x13 ./Core/Src/sysmem.o
 .debug_rnglists
                0x0000020d       0x1a ./Core/Src/system_stm32f4xx.o
 .debug_rnglists
                0x00000227       0x44 ./Core/Src/tjc_usart_hmi.o
 .debug_rnglists
                0x0000026b       0x20 ./Core/Src/usart.o
 .debug_rnglists
                0x0000028b       0x19 ./Core/Startup/startup_stm32f407vetx.o
 .debug_rnglists
                0x000002a4       0xaf ./Drivers/STM32F4xx_HAL_Driver/Src/stm32f4xx_hal.o
 .debug_rnglists
                0x00000353       0xe0 ./Drivers/STM32F4xx_HAL_Driver/Src/stm32f4xx_hal_cortex.o
 .debug_rnglists
                0x00000433       0x70 ./Drivers/STM32F4xx_HAL_Driver/Src/stm32f4xx_hal_dma.o
 .debug_rnglists
                0x000004a3       0x3f ./Drivers/STM32F4xx_HAL_Driver/Src/stm32f4xx_hal_gpio.o
 .debug_rnglists
                0x000004e2       0x66 ./Drivers/STM32F4xx_HAL_Driver/Src/stm32f4xx_hal_rcc.o
 .debug_rnglists
                0x00000548      0x16f ./Drivers/STM32F4xx_HAL_Driver/Src/stm32f4xx_hal_spi.o
 .debug_rnglists
                0x000006b7      0x1bc ./Drivers/STM32F4xx_HAL_Driver/Src/stm32f4xx_hal_uart.o

.debug_macro    0x00000000    0x22eb1
 .debug_macro   0x00000000      0x2c1 ./Core/Src/AD9910.o
 .debug_macro   0x000002c1      0xad8 ./Core/Src/AD9910.o
 .debug_macro   0x00000d99       0x2e ./Core/Src/AD9910.o
 .debug_macro   0x00000dc7       0x2f ./Core/Src/AD9910.o
 .debug_macro   0x00000df6       0x22 ./Core/Src/AD9910.o
 .debug_macro   0x00000e18       0x8e ./Core/Src/AD9910.o
 .debug_macro   0x00000ea6       0x51 ./Core/Src/AD9910.o
 .debug_macro   0x00000ef7      0x103 ./Core/Src/AD9910.o
 .debug_macro   0x00000ffa       0x6a ./Core/Src/AD9910.o
 .debug_macro   0x00001064      0x1df ./Core/Src/AD9910.o
 .debug_macro   0x00001243       0x1c ./Core/Src/AD9910.o
 .debug_macro   0x0000125f       0x22 ./Core/Src/AD9910.o
 .debug_macro   0x00001281       0xfb ./Core/Src/AD9910.o
 .debug_macro   0x0000137c     0x1011 ./Core/Src/AD9910.o
 .debug_macro   0x0000238d      0x11f ./Core/Src/AD9910.o
 .debug_macro   0x000024ac    0x15ea5 ./Core/Src/AD9910.o
 .debug_macro   0x00018351       0x6d ./Core/Src/AD9910.o
 .debug_macro   0x000183be      0x29b ./Core/Src/AD9910.o
 .debug_macro   0x00018659     0x3693 ./Core/Src/AD9910.o
 .debug_macro   0x0001bcec      0x190 ./Core/Src/AD9910.o
 .debug_macro   0x0001be7c       0x5c ./Core/Src/AD9910.o
 .debug_macro   0x0001bed8      0x980 ./Core/Src/AD9910.o
 .debug_macro   0x0001c858      0x9e9 ./Core/Src/AD9910.o
 .debug_macro   0x0001d241      0x115 ./Core/Src/AD9910.o
 .debug_macro   0x0001d356      0x13e ./Core/Src/AD9910.o
 .debug_macro   0x0001d494       0xa5 ./Core/Src/AD9910.o
 .debug_macro   0x0001d539      0x174 ./Core/Src/AD9910.o
 .debug_macro   0x0001d6ad      0x287 ./Core/Src/AD9910.o
 .debug_macro   0x0001d934       0x5f ./Core/Src/AD9910.o
 .debug_macro   0x0001d993      0x236 ./Core/Src/AD9910.o
 .debug_macro   0x0001dbc9      0x12c ./Core/Src/AD9910.o
 .debug_macro   0x0001dcf5      0x21e ./Core/Src/AD9910.o
 .debug_macro   0x0001df13       0x2e ./Core/Src/AD9910.o
 .debug_macro   0x0001df41      0x127 ./Core/Src/AD9910.o
 .debug_macro   0x0001e068       0x7e ./Core/Src/AD9910.o
 .debug_macro   0x0001e0e6       0x89 ./Core/Src/AD9910.o
 .debug_macro   0x0001e16f      0x225 ./Core/Src/AD9910.o
 .debug_macro   0x0001e394      0x2aa ./Core/Src/AD9910.o
 .debug_macro   0x0001e63e      0x12d ./Core/Src/AD9910.o
 .debug_macro   0x0001e76b      0x12a ./Core/Src/AD9910.o
 .debug_macro   0x0001e895       0xbe ./Core/Src/AD9910.o
 .debug_macro   0x0001e953       0xd6 ./Core/Src/AD9910.o
 .debug_macro   0x0001ea29       0x61 ./Core/Src/AD9910.o
 .debug_macro   0x0001ea8a       0x2a ./Core/Src/AD9910.o
 .debug_macro   0x0001eab4       0x43 ./Core/Src/AD9910.o
 .debug_macro   0x0001eaf7       0x34 ./Core/Src/AD9910.o
 .debug_macro   0x0001eb2b       0x16 ./Core/Src/AD9910.o
 .debug_macro   0x0001eb41       0x3c ./Core/Src/AD9910.o
 .debug_macro   0x0001eb7d      0x370 ./Core/Src/AD9910.o
 .debug_macro   0x0001eeed       0x10 ./Core/Src/AD9910.o
 .debug_macro   0x0001eefd       0x16 ./Core/Src/AD9910.o
 .debug_macro   0x0001ef13       0x4a ./Core/Src/AD9910.o
 .debug_macro   0x0001ef5d       0x34 ./Core/Src/AD9910.o
 .debug_macro   0x0001ef91       0x10 ./Core/Src/AD9910.o
 .debug_macro   0x0001efa1       0x58 ./Core/Src/AD9910.o
 .debug_macro   0x0001eff9       0x8e ./Core/Src/AD9910.o
 .debug_macro   0x0001f087       0x1c ./Core/Src/AD9910.o
 .debug_macro   0x0001f0a3      0x185 ./Core/Src/AD9910.o
 .debug_macro   0x0001f228       0x16 ./Core/Src/AD9910.o
 .debug_macro   0x0001f23e       0x16 ./Core/Src/AD9910.o
 .debug_macro   0x0001f254      0x146 ./Core/Src/AD9910.o
 .debug_macro   0x0001f39a      0x1f6 ./Core/Src/ads8688.o
 .debug_macro   0x0001f590       0xd0 ./Core/Src/ads8688.o
 .debug_macro   0x0001f660      0x11e ./Core/Src/ads8688.o
 .debug_macro   0x0001f77e      0x2ac ./Core/Src/base.o
 .debug_macro   0x0001fa2a       0x5b ./Core/Src/base.o
 .debug_macro   0x0001fa85       0x94 ./Core/Src/base.o
 .debug_macro   0x0001fb19       0x16 ./Core/Src/base.o
 .debug_macro   0x0001fb2f      0x11c ./Core/Src/base.o
 .debug_macro   0x0001fc4b       0x9b ./Core/Src/base.o
 .debug_macro   0x0001fce6       0x57 ./Core/Src/base.o
 .debug_macro   0x0001fd3d       0x16 ./Core/Src/base.o
 .debug_macro   0x0001fd53       0x29 ./Core/Src/base.o
 .debug_macro   0x0001fd7c       0x56 ./Core/Src/base.o
 .debug_macro   0x0001fdd2      0x1ae ./Core/Src/base.o
 .debug_macro   0x0001ff80      0x1dd ./Core/Src/gpio.o
 .debug_macro   0x0002015d      0x320 ./Core/Src/main.o
 .debug_macro   0x0002047d      0x11e ./Core/Src/main.o
 .debug_macro   0x0002059b      0x19b ./Core/Src/main.o
 .debug_macro   0x00020736       0x2e ./Core/Src/main.o
 .debug_macro   0x00020764      0x1dd ./Core/Src/spi.o
 .debug_macro   0x00020941      0x1d3 ./Core/Src/stm32f4xx_hal_msp.o
 .debug_macro   0x00020b14      0x1dd ./Core/Src/stm32f4xx_it.o
 .debug_macro   0x00020cf1      0x274 ./Core/Src/syscalls.o
 .debug_macro   0x00020f65       0x10 ./Core/Src/syscalls.o
 .debug_macro   0x00020f75       0x10 ./Core/Src/syscalls.o
 .debug_macro   0x00020f85       0x10 ./Core/Src/syscalls.o
 .debug_macro   0x00020f95       0x10 ./Core/Src/syscalls.o
 .debug_macro   0x00020fa5       0x1c ./Core/Src/syscalls.o
 .debug_macro   0x00020fc1       0x52 ./Core/Src/syscalls.o
 .debug_macro   0x00021013       0x22 ./Core/Src/syscalls.o
 .debug_macro   0x00021035       0x10 ./Core/Src/syscalls.o
 .debug_macro   0x00021045       0x52 ./Core/Src/syscalls.o
 .debug_macro   0x00021097       0xcf ./Core/Src/syscalls.o
 .debug_macro   0x00021166       0x1c ./Core/Src/syscalls.o
 .debug_macro   0x00021182       0x3d ./Core/Src/syscalls.o
 .debug_macro   0x000211bf       0x35 ./Core/Src/syscalls.o
 .debug_macro   0x000211f4      0x12c ./Core/Src/syscalls.o
 .debug_macro   0x00021320       0x10 ./Core/Src/syscalls.o
 .debug_macro   0x00021330      0x242 ./Core/Src/syscalls.o
 .debug_macro   0x00021572       0x1c ./Core/Src/syscalls.o
 .debug_macro   0x0002158e       0x10 ./Core/Src/syscalls.o
 .debug_macro   0x0002159e      0x18a ./Core/Src/syscalls.o
 .debug_macro   0x00021728       0x16 ./Core/Src/syscalls.o
 .debug_macro   0x0002173e       0xce ./Core/Src/syscalls.o
 .debug_macro   0x0002180c      0x112 ./Core/Src/sysmem.o
 .debug_macro   0x0002191e      0x23c ./Core/Src/sysmem.o
 .debug_macro   0x00021b5a      0x1c4 ./Core/Src/system_stm32f4xx.o
 .debug_macro   0x00021d1e      0x2ba ./Core/Src/tjc_usart_hmi.o
 .debug_macro   0x00021fd8      0x1dd ./Core/Src/usart.o
 .debug_macro   0x000221b5      0x224 ./Drivers/STM32F4xx_HAL_Driver/Src/stm32f4xx_hal.o
 .debug_macro   0x000223d9      0x1c4 ./Drivers/STM32F4xx_HAL_Driver/Src/stm32f4xx_hal_cortex.o